soak begin url=http://127.0.0.1:53529/r/lab/stream.m3u8 label=relay target=3.000s minutes=10 print=5.0s position=0.25s build=soak-lab throwaway stack started=2026-09-11T02:29:53.311Z
soak legend latency=edge+attach edge=playlist staleness attach=distance the player chose from the live edge
soak t=005s pos=12.93s latency=3.17s edge=0.33s attach=2.84s mode=low-latency recommended=3.00s status=ready ok
soak t=010s pos=17.93s latency=3.17s edge=0.22s attach=2.95s mode=low-latency recommended=3.00s status=ready ok
soak t=015s pos=22.93s latency=3.17s edge=0.28s attach=2.89s mode=low-latency recommended=3.00s status=ready ok
soak t=020s pos=27.93s latency=3.17s edge=0.34s attach=2.83s mode=low-latency recommended=3.00s status=ready ok
soak t=025s pos=32.93s latency=3.17s edge=0.22s attach=2.94s mode=low-latency recommended=3.00s status=ready ok
soak t=030s pos=37.93s latency=3.17s edge=0.29s attach=2.88s mode=low-latency recommended=3.00s status=ready ok
soak t=035s pos=42.93s latency=3.17s edge=0.18s attach=2.99s mode=low-latency recommended=3.00s status=ready ok
soak t=040s pos=47.93s latency=3.17s edge=0.24s attach=2.93s mode=low-latency recommended=3.00s status=ready ok
soak t=045s pos=52.93s latency=3.17s edge=0.30s attach=2.87s mode=low-latency recommended=3.00s status=ready ok
soak t=050s pos=57.93s latency=3.17s edge=0.18s attach=2.98s mode=low-latency recommended=3.00s status=ready ok
soak t=055s pos=62.93s latency=3.17s edge=0.24s attach=2.93s mode=low-latency recommended=3.00s status=ready ok
soak t=060s pos=67.93s latency=3.17s edge=0.30s attach=2.87s mode=low-latency recommended=3.00s status=ready ok
soak t=065s pos=72.93s latency=3.17s edge=0.19s attach=2.98s mode=low-latency recommended=3.00s status=ready ok
soak t=070s pos=77.93s latency=3.17s edge=0.25s attach=2.92s mode=low-latency recommended=3.00s status=ready ok
soak t=075s pos=82.93s latency=3.17s edge=0.31s attach=2.86s mode=low-latency recommended=3.00s status=ready ok
soak t=080s pos=87.93s latency=3.17s edge=0.19s attach=2.97s mode=low-latency recommended=3.00s status=ready ok
soak t=085s pos=92.93s latency=3.17s edge=0.25s attach=2.91s mode=low-latency recommended=3.00s status=ready ok
soak t=090s pos=97.93s latency=3.17s edge=0.31s attach=2.86s mode=low-latency recommended=3.00s status=ready ok
soak t=095s pos=102.93s latency=3.17s edge=0.20s attach=2.97s mode=low-latency recommended=3.00s status=ready ok
soak t=100s pos=107.93s latency=3.17s edge=0.26s attach=2.91s mode=low-latency recommended=3.00s status=ready ok
soak t=105s pos=112.93s latency=3.17s edge=0.31s attach=2.85s mode=low-latency recommended=3.00s status=ready ok
soak t=110s pos=117.93s latency=3.17s edge=0.20s attach=2.96s mode=low-latency recommended=3.00s status=ready ok
soak t=115s pos=122.93s latency=3.17s edge=0.26s attach=2.90s mode=low-latency recommended=3.00s status=ready ok
soak t=120s pos=127.93s latency=3.17s edge=0.32s attach=2.84s mode=low-latency recommended=3.00s status=ready ok
soak t=125s pos=132.93s latency=3.17s edge=0.21s attach=2.96s mode=low-latency recommended=3.00s status=ready ok
soak t=130s pos=137.93s latency=3.17s edge=0.27s attach=2.90s mode=low-latency recommended=3.00s status=ready ok
soak t=135s pos=142.93s latency=3.17s edge=0.32s attach=2.85s mode=low-latency recommended=3.00s status=ready ok
soak t=140s pos=147.93s latency=3.17s edge=0.21s attach=2.96s mode=low-latency recommended=3.00s status=ready ok
soak t=145s pos=152.93s latency=3.17s edge=0.27s attach=2.89s mode=low-latency recommended=3.00s status=ready ok
soak t=150s pos=157.93s latency=3.17s edge=0.34s attach=2.83s mode=low-latency recommended=3.00s status=ready ok
soak t=155s pos=162.93s latency=3.17s edge=0.23s attach=2.94s mode=low-latency recommended=3.00s status=ready ok
soak t=160s pos=167.93s latency=3.17s edge=0.30s attach=2.87s mode=low-latency recommended=3.00s status=ready ok
soak t=165s pos=172.93s latency=3.17s edge=0.19s attach=2.98s mode=low-latency recommended=3.00s status=ready ok
soak t=170s pos=177.93s latency=3.17s edge=0.26s attach=2.91s mode=low-latency recommended=3.00s status=ready ok
soak t=175s pos=182.93s latency=3.17s edge=0.33s attach=2.84s mode=low-latency recommended=3.00s status=ready ok
soak t=180s pos=187.93s latency=3.17s edge=0.22s attach=2.94s mode=low-latency recommended=3.00s status=ready ok
soak t=185s pos=192.93s latency=3.17s edge=0.28s attach=2.88s mode=low-latency recommended=3.00s status=ready ok
soak t=190s pos=197.93s latency=3.17s edge=0.35s attach=2.82s mode=low-latency recommended=3.00s status=ready ok
soak t=195s pos=202.93s latency=3.17s edge=0.24s attach=2.93s mode=low-latency recommended=3.00s status=ready ok
soak t=200s pos=207.93s latency=3.17s edge=0.30s attach=2.86s mode=low-latency recommended=3.00s status=ready ok
soak t=205s pos=212.93s latency=3.17s edge=0.19s attach=2.97s mode=low-latency recommended=3.00s status=ready ok
soak t=210s pos=217.93s latency=3.17s edge=0.25s attach=2.91s mode=low-latency recommended=3.00s status=ready ok
soak t=215s pos=222.93s latency=3.17s edge=0.31s attach=2.85s mode=low-latency recommended=3.00s status=ready ok
soak t=220s pos=227.93s latency=3.17s edge=0.21s attach=2.96s mode=low-latency recommended=3.00s status=ready ok
soak t=225s pos=232.93s latency=3.17s edge=0.27s attach=2.90s mode=low-latency recommended=3.00s status=ready ok
soak t=230s pos=237.94s latency=3.17s edge=0.33s attach=2.83s mode=low-latency recommended=3.00s status=ready ok
soak t=235s pos=242.93s latency=3.17s edge=0.22s attach=2.94s mode=low-latency recommended=3.00s status=ready ok
soak t=240s pos=247.94s latency=3.17s edge=0.29s attach=2.88s mode=low-latency recommended=3.00s status=ready ok
soak t=245s pos=252.93s latency=3.17s edge=0.34s attach=2.82s mode=low-latency recommended=3.00s status=ready ok
soak t=250s pos=257.93s latency=3.17s edge=0.24s attach=2.93s mode=low-latency recommended=3.00s status=ready ok
soak t=255s pos=262.93s latency=3.17s edge=0.30s attach=2.87s mode=low-latency recommended=3.00s status=ready ok
soak t=260s pos=267.93s latency=3.17s edge=0.19s attach=2.98s mode=low-latency recommended=3.00s status=ready ok
soak t=265s pos=272.93s latency=3.17s edge=0.25s attach=2.91s mode=low-latency recommended=3.00s status=ready ok
soak t=270s pos=277.93s latency=3.17s edge=0.32s attach=2.85s mode=low-latency recommended=3.00s status=ready ok
soak t=275s pos=282.93s latency=3.17s edge=0.26s attach=2.91s mode=low-latency recommended=3.00s status=ready ok
soak t=280s pos=287.96s latency=3.17s edge=0.32s attach=2.85s mode=low-latency recommended=3.00s status=ready ok
soak t=285s pos=292.94s latency=3.17s edge=0.21s attach=2.96s mode=low-latency recommended=3.00s status=ready ok
soak t=290s pos=297.93s latency=3.17s edge=0.28s attach=2.89s mode=low-latency recommended=3.00s status=ready ok
soak t=295s pos=302.94s latency=3.17s edge=0.34s attach=2.83s mode=low-latency recommended=3.00s status=ready ok
soak t=300s pos=307.93s latency=3.17s edge=0.23s attach=2.94s mode=low-latency recommended=3.00s status=ready ok
soak t=305s pos=312.93s latency=3.17s edge=0.30s attach=2.86s mode=low-latency recommended=3.00s status=ready ok
soak t=310s pos=317.93s latency=3.17s edge=0.20s attach=2.97s mode=low-latency recommended=3.00s status=ready ok
soak t=315s pos=322.93s latency=3.17s edge=0.26s attach=2.91s mode=low-latency recommended=3.00s status=ready ok
soak t=320s pos=327.94s latency=3.17s edge=0.33s attach=2.84s mode=low-latency recommended=3.00s status=ready ok
soak t=325s pos=332.93s latency=3.17s edge=0.22s attach=2.94s mode=low-latency recommended=3.00s status=ready ok
soak t=330s pos=337.94s latency=3.17s edge=0.29s attach=2.88s mode=low-latency recommended=3.00s status=ready ok
soak t=335s pos=342.93s latency=3.17s edge=0.19s attach=2.98s mode=low-latency recommended=3.00s status=ready ok
soak t=340s pos=347.94s latency=3.17s edge=0.25s attach=2.92s mode=low-latency recommended=3.00s status=ready ok
soak t=345s pos=352.93s latency=3.17s edge=0.32s attach=2.85s mode=low-latency recommended=3.00s status=ready ok
soak t=350s pos=357.95s latency=3.17s edge=0.21s attach=2.96s mode=low-latency recommended=3.00s status=ready ok
soak t=355s pos=362.93s latency=3.17s edge=0.28s attach=2.88s mode=low-latency recommended=3.00s status=ready ok
soak t=360s pos=367.94s latency=3.17s edge=0.20s attach=2.97s mode=low-latency recommended=3.00s status=ready ok
soak t=365s pos=372.93s latency=3.17s edge=0.26s attach=2.90s mode=low-latency recommended=3.00s status=ready ok
soak t=370s pos=377.94s latency=3.17s edge=0.32s attach=2.85s mode=low-latency recommended=3.00s status=ready ok
soak t=375s pos=382.94s latency=3.17s edge=0.21s attach=2.95s mode=low-latency recommended=3.00s status=ready ok
soak t=380s pos=387.93s latency=3.17s edge=0.28s attach=2.89s mode=low-latency recommended=3.00s status=ready ok
soak t=385s pos=392.94s latency=3.17s edge=0.35s attach=2.82s mode=low-latency recommended=3.00s status=ready ok
soak t=390s pos=397.94s latency=3.17s edge=0.26s attach=2.90s mode=low-latency recommended=3.00s status=ready ok
soak t=395s pos=402.93s latency=3.17s edge=0.33s attach=2.84s mode=low-latency recommended=3.00s status=ready ok
soak t=400s pos=407.94s latency=3.17s edge=0.22s attach=2.94s mode=low-latency recommended=3.00s status=ready ok
soak t=405s pos=412.93s latency=3.17s edge=0.31s attach=2.85s mode=low-latency recommended=3.00s status=ready ok
soak t=410s pos=417.93s latency=3.17s edge=0.20s attach=2.96s mode=low-latency recommended=3.00s status=ready ok
soak t=415s pos=422.93s latency=3.17s edge=0.27s attach=2.89s mode=low-latency recommended=3.00s status=ready ok
soak t=420s pos=427.93s latency=3.17s edge=0.34s attach=2.83s mode=low-latency recommended=3.00s status=ready ok
soak t=425s pos=432.93s latency=3.17s edge=0.24s attach=2.93s mode=low-latency recommended=3.00s status=ready ok
soak t=430s pos=437.94s latency=3.17s edge=0.30s attach=2.86s mode=low-latency recommended=3.00s status=ready ok
soak t=435s pos=442.94s latency=3.17s edge=0.20s attach=2.97s mode=low-latency recommended=3.00s status=ready ok
soak t=440s pos=447.94s latency=3.17s edge=0.28s attach=2.89s mode=low-latency recommended=3.00s status=ready ok
soak t=445s pos=452.94s latency=3.17s edge=0.20s attach=2.97s mode=low-latency recommended=3.00s status=ready ok
soak t=450s pos=457.94s latency=3.17s edge=0.27s attach=2.90s mode=low-latency recommended=3.00s status=ready ok
soak t=455s pos=462.94s latency=3.17s edge=0.34s attach=2.82s mode=low-latency recommended=3.00s status=ready ok
soak t=460s pos=467.94s latency=3.17s edge=0.24s attach=2.92s mode=low-latency recommended=3.00s status=ready ok
soak t=465s pos=472.94s latency=3.17s edge=0.31s attach=2.86s mode=low-latency recommended=3.00s status=ready ok
soak t=470s pos=477.94s latency=3.17s edge=0.20s attach=2.96s mode=low-latency recommended=3.00s status=ready ok
soak t=475s pos=482.94s latency=3.17s edge=0.26s attach=2.91s mode=low-latency recommended=3.00s status=ready ok
soak t=480s pos=487.94s latency=3.17s edge=0.31s attach=2.85s mode=low-latency recommended=3.00s status=ready ok
soak t=485s pos=492.94s latency=3.17s edge=0.19s attach=2.97s mode=low-latency recommended=3.00s status=ready ok
soak t=490s pos=497.94s latency=3.17s edge=0.27s attach=2.90s mode=low-latency recommended=3.00s status=ready ok
soak t=495s pos=502.94s latency=3.17s edge=0.33s attach=2.84s mode=low-latency recommended=3.00s status=ready ok
soak t=500s pos=507.94s latency=3.17s edge=0.22s attach=2.95s mode=low-latency recommended=3.00s status=ready ok
soak t=505s pos=512.94s latency=3.17s edge=0.29s attach=2.88s mode=low-latency recommended=3.00s status=ready ok
soak t=510s pos=517.94s latency=3.17s edge=0.19s attach=2.98s mode=low-latency recommended=3.00s status=ready ok
soak t=515s pos=522.94s latency=3.17s edge=0.25s attach=2.91s mode=low-latency recommended=3.00s status=ready ok
soak t=520s pos=527.94s latency=3.17s edge=0.32s attach=2.85s mode=low-latency recommended=3.00s status=ready ok
soak t=525s pos=532.94s latency=3.17s edge=0.21s attach=2.95s mode=low-latency recommended=3.00s status=ready ok
soak t=530s pos=537.94s latency=3.17s edge=0.28s attach=2.89s mode=low-latency recommended=3.00s status=ready ok
soak t=535s pos=542.94s latency=3.17s edge=0.35s attach=2.82s mode=low-latency recommended=3.00s status=ready ok
soak t=540s pos=547.94s latency=3.17s edge=0.24s attach=2.92s mode=low-latency recommended=3.00s status=ready ok
soak t=545s pos=552.94s latency=3.17s edge=0.30s attach=2.87s mode=low-latency recommended=3.00s status=ready ok
soak t=550s pos=557.94s latency=3.17s edge=0.20s attach=2.97s mode=low-latency recommended=3.00s status=ready ok
soak t=555s pos=562.94s latency=3.17s edge=0.28s attach=2.89s mode=low-latency recommended=3.00s status=ready ok
soak t=560s pos=567.94s latency=3.17s edge=0.36s attach=2.81s mode=low-latency recommended=3.00s status=ready ok
soak t=565s pos=572.94s latency=3.17s edge=0.25s attach=2.91s mode=low-latency recommended=3.00s status=ready ok
soak t=570s pos=577.94s latency=3.17s edge=0.32s attach=2.85s mode=low-latency recommended=3.00s status=ready ok
soak t=575s pos=582.94s latency=3.17s edge=0.21s attach=2.96s mode=low-latency recommended=3.00s status=ready ok
soak t=580s pos=587.94s latency=3.17s edge=0.28s attach=2.89s mode=low-latency recommended=3.00s status=ready ok
soak t=585s pos=592.94s latency=3.17s edge=0.35s attach=2.82s mode=low-latency recommended=3.00s status=ready ok
soak t=590s pos=597.94s latency=3.17s edge=0.24s attach=2.92s mode=low-latency recommended=3.00s status=ready ok
soak t=595s pos=602.94s latency=3.17s edge=0.30s attach=2.86s mode=low-latency recommended=3.00s status=ready ok
soak t=600s pos=607.94s latency=3.17s edge=0.20s attach=2.96s mode=low-latency recommended=3.00s status=ready ok
SOAK PASS: 10min, 120 samples, mode low-latency (120/120 low-latency), median latency 3.17s = edge 0.27s + attach 2.90s, target 3.00s on attach, zero backward movement
soak end url=http://127.0.0.1:53529/r/lab/stream.m3u8 label=relay verdict=PASS
