soak begin url=http://127.0.0.1:53618/live/party/index.m3u8 label=holdback-5.0 target=3.000s minutes=10 print=5.0s position=0.25s build=soak-lab throwaway stack started=2026-09-11T02:29:53.311Z
soak legend latency=edge+attach edge=playlist staleness attach=distance the player chose from the live edge
soak t=005s pos=10.80s latency=5.30s edge=0.16s attach=5.14s mode=low-latency recommended=5.00s status=ready ok
soak t=010s pos=15.80s latency=5.30s edge=0.05s attach=5.25s mode=low-latency recommended=5.00s status=ready ok
soak t=015s pos=20.80s latency=5.30s edge=0.12s attach=5.18s mode=low-latency recommended=5.00s status=ready ok
soak t=020s pos=25.80s latency=5.30s edge=0.01s attach=5.29s mode=low-latency recommended=5.00s status=ready ok
soak t=025s pos=30.80s latency=5.30s edge=0.07s attach=5.23s mode=low-latency recommended=5.00s status=ready ok
soak t=030s pos=35.80s latency=5.30s edge=0.13s attach=5.17s mode=low-latency recommended=5.00s status=ready ok
soak t=035s pos=40.80s latency=5.30s edge=0.02s attach=5.28s mode=low-latency recommended=5.00s status=ready ok
soak t=040s pos=45.80s latency=5.30s edge=0.08s attach=5.22s mode=low-latency recommended=5.00s status=ready ok
soak t=045s pos=50.80s latency=5.30s edge=0.13s attach=5.16s mode=low-latency recommended=5.00s status=ready ok
soak t=050s pos=55.80s latency=5.30s edge=0.02s attach=5.28s mode=low-latency recommended=5.00s status=ready ok
soak t=055s pos=60.80s latency=5.30s edge=0.08s attach=5.22s mode=low-latency recommended=5.00s status=ready ok
soak t=060s pos=65.80s latency=5.30s edge=0.14s attach=5.16s mode=low-latency recommended=5.00s status=ready ok
soak t=065s pos=70.80s latency=5.30s edge=0.03s attach=5.27s mode=low-latency recommended=5.00s status=ready ok
soak t=070s pos=75.80s latency=5.30s edge=0.09s attach=5.21s mode=low-latency recommended=5.00s status=ready ok
soak t=075s pos=80.80s latency=5.30s edge=0.16s attach=5.14s mode=low-latency recommended=5.00s status=ready ok
soak t=080s pos=85.80s latency=5.30s edge=0.04s attach=5.26s mode=low-latency recommended=5.00s status=ready ok
soak t=085s pos=90.80s latency=5.30s edge=0.10s attach=5.20s mode=low-latency recommended=5.00s status=ready ok
soak t=090s pos=95.80s latency=5.30s edge=0.16s attach=5.14s mode=low-latency recommended=5.00s status=ready ok
soak t=095s pos=100.80s latency=5.30s edge=0.05s attach=5.25s mode=low-latency recommended=5.00s status=ready ok
soak t=100s pos=105.80s latency=5.30s edge=0.11s attach=5.19s mode=low-latency recommended=5.00s status=ready ok
soak t=105s pos=110.80s latency=5.30s edge=0.16s attach=5.14s mode=low-latency recommended=5.00s status=ready ok
soak t=110s pos=115.80s latency=5.30s edge=0.05s attach=5.25s mode=low-latency recommended=5.00s status=ready ok
soak t=115s pos=120.80s latency=5.30s edge=0.10s attach=5.20s mode=low-latency recommended=5.00s status=ready ok
soak t=120s pos=125.80s latency=5.30s edge=0.17s attach=5.13s mode=low-latency recommended=5.00s status=ready ok
soak t=125s pos=130.80s latency=5.30s edge=0.05s attach=5.25s mode=low-latency recommended=5.00s status=ready ok
soak t=130s pos=135.80s latency=5.30s edge=0.11s attach=5.19s mode=low-latency recommended=5.00s status=ready ok
soak t=135s pos=140.80s latency=5.30s edge=0.17s attach=5.13s mode=low-latency recommended=5.00s status=ready ok
soak t=140s pos=145.80s latency=5.30s edge=0.06s attach=5.24s mode=low-latency recommended=5.00s status=ready ok
soak t=145s pos=150.80s latency=5.30s edge=0.12s attach=5.18s mode=low-latency recommended=5.00s status=ready ok
soak t=150s pos=155.80s latency=5.30s edge=0.02s attach=5.28s mode=low-latency recommended=5.00s status=ready ok
soak t=155s pos=160.80s latency=5.30s edge=0.08s attach=5.22s mode=low-latency recommended=5.00s status=ready ok
soak t=160s pos=165.80s latency=5.30s edge=0.14s attach=5.16s mode=low-latency recommended=5.00s status=ready ok
soak t=165s pos=170.80s latency=5.30s edge=0.03s attach=5.27s mode=low-latency recommended=5.00s status=ready ok
soak t=170s pos=175.80s latency=5.30s edge=0.09s attach=5.21s mode=low-latency recommended=5.00s status=ready ok
soak t=175s pos=180.80s latency=5.30s edge=0.16s attach=5.14s mode=low-latency recommended=5.00s status=ready ok
soak t=180s pos=185.80s latency=5.30s edge=0.06s attach=5.23s mode=low-latency recommended=5.00s status=ready ok
soak t=185s pos=190.80s latency=5.30s edge=0.12s attach=5.17s mode=low-latency recommended=5.00s status=ready ok
soak t=190s pos=195.80s latency=5.30s edge=0.02s attach=5.28s mode=low-latency recommended=5.00s status=ready ok
soak t=195s pos=200.80s latency=5.30s edge=0.08s attach=5.22s mode=low-latency recommended=5.00s status=ready ok
soak t=200s pos=205.80s latency=5.30s edge=0.14s attach=5.16s mode=low-latency recommended=5.00s status=ready ok
soak t=205s pos=210.80s latency=5.30s edge=0.02s attach=5.27s mode=low-latency recommended=5.00s status=ready ok
soak t=210s pos=215.80s latency=5.30s edge=0.09s attach=5.21s mode=low-latency recommended=5.00s status=ready ok
soak t=215s pos=220.80s latency=5.30s edge=0.14s attach=5.16s mode=low-latency recommended=5.00s status=ready ok
soak t=220s pos=225.80s latency=5.30s edge=0.03s attach=5.27s mode=low-latency recommended=5.00s status=ready ok
soak t=225s pos=230.80s latency=5.30s edge=0.09s attach=5.20s mode=low-latency recommended=5.00s status=ready ok
soak t=230s pos=235.80s latency=5.30s edge=0.15s attach=5.15s mode=low-latency recommended=5.00s status=ready ok
soak t=235s pos=240.80s latency=5.30s edge=0.04s attach=5.26s mode=low-latency recommended=5.00s status=ready ok
soak t=240s pos=245.80s latency=5.30s edge=0.11s attach=5.19s mode=low-latency recommended=5.00s status=ready ok
soak t=245s pos=250.80s latency=5.30s edge=0.02s attach=5.28s mode=low-latency recommended=5.00s status=ready ok
soak t=250s pos=255.80s latency=5.30s edge=0.08s attach=5.22s mode=low-latency recommended=5.00s status=ready ok
soak t=255s pos=260.80s latency=5.30s edge=0.15s attach=5.15s mode=low-latency recommended=5.00s status=ready ok
soak t=260s pos=265.80s latency=5.30s edge=0.04s attach=5.26s mode=low-latency recommended=5.00s status=ready ok
soak t=265s pos=270.80s latency=5.30s edge=0.10s attach=5.20s mode=low-latency recommended=5.00s status=ready ok
soak t=270s pos=275.80s latency=5.30s edge=0.16s attach=5.14s mode=low-latency recommended=5.00s status=ready ok
soak t=275s pos=280.80s latency=5.30s edge=0.09s attach=5.21s mode=low-latency recommended=5.00s status=ready ok
soak t=280s pos=285.81s latency=5.30s edge=0.14s attach=5.16s mode=low-latency recommended=5.00s status=ready ok
soak t=285s pos=290.80s latency=5.30s edge=0.04s attach=5.26s mode=low-latency recommended=5.00s status=ready ok
soak t=290s pos=295.80s latency=5.30s edge=0.11s attach=5.19s mode=low-latency recommended=5.00s status=ready ok
soak t=295s pos=300.81s latency=5.30s edge=0.17s attach=5.13s mode=low-latency recommended=5.00s status=ready ok
soak t=300s pos=305.80s latency=5.30s edge=0.06s attach=5.24s mode=low-latency recommended=5.00s status=ready ok
soak t=305s pos=310.80s latency=5.30s edge=0.12s attach=5.18s mode=low-latency recommended=5.00s status=ready ok
soak t=310s pos=315.80s latency=5.30s edge=0.01s attach=5.29s mode=low-latency recommended=5.00s status=ready ok
soak t=315s pos=320.80s latency=5.30s edge=0.08s attach=5.22s mode=low-latency recommended=5.00s status=ready ok
soak t=320s pos=325.80s latency=5.30s edge=0.16s attach=5.14s mode=low-latency recommended=5.00s status=ready ok
soak t=325s pos=330.80s latency=5.30s edge=0.06s attach=5.24s mode=low-latency recommended=5.00s status=ready ok
soak t=330s pos=335.80s latency=5.30s edge=0.14s attach=5.16s mode=low-latency recommended=5.00s status=ready ok
soak t=335s pos=340.80s latency=5.30s edge=0.03s attach=5.27s mode=low-latency recommended=5.00s status=ready ok
soak t=340s pos=345.80s latency=5.30s edge=0.10s attach=5.20s mode=low-latency recommended=5.00s status=ready ok
soak t=345s pos=350.80s latency=5.30s edge=0.16s attach=5.13s mode=low-latency recommended=5.00s status=ready ok
soak t=350s pos=355.81s latency=5.30s edge=0.06s attach=5.24s mode=low-latency recommended=5.00s status=ready ok
soak t=355s pos=360.80s latency=5.30s edge=0.13s attach=5.17s mode=low-latency recommended=5.00s status=ready ok
soak t=360s pos=365.80s latency=5.30s edge=0.04s attach=5.26s mode=low-latency recommended=5.00s status=ready ok
soak t=365s pos=370.80s latency=5.30s edge=0.11s attach=5.18s mode=low-latency recommended=5.00s status=ready ok
soak t=370s pos=375.81s latency=5.30s edge=0.02s attach=5.28s mode=low-latency recommended=5.00s status=ready ok
soak t=375s pos=380.80s latency=5.30s edge=0.08s attach=5.22s mode=low-latency recommended=5.00s status=ready ok
soak t=380s pos=385.80s latency=5.30s edge=0.14s attach=5.16s mode=low-latency recommended=5.00s status=ready ok
soak t=385s pos=390.80s latency=5.30s edge=0.04s attach=5.26s mode=low-latency recommended=5.00s status=ready ok
soak t=390s pos=395.80s latency=5.30s edge=0.12s attach=5.18s mode=low-latency recommended=5.00s status=ready ok
soak t=395s pos=400.80s latency=5.30s edge=0.01s attach=5.29s mode=low-latency recommended=5.00s status=ready ok
soak t=400s pos=405.80s latency=5.30s edge=0.08s attach=5.22s mode=low-latency recommended=5.00s status=ready ok
soak t=405s pos=410.80s latency=5.30s edge=0.02s attach=5.28s mode=low-latency recommended=5.00s status=ready ok
soak t=410s pos=415.80s latency=5.30s edge=0.08s attach=5.21s mode=low-latency recommended=5.00s status=ready ok
soak t=415s pos=420.80s latency=5.30s edge=0.15s attach=5.15s mode=low-latency recommended=5.00s status=ready ok
soak t=420s pos=425.80s latency=5.30s edge=0.05s attach=5.25s mode=low-latency recommended=5.00s status=ready ok
soak t=425s pos=430.80s latency=5.30s edge=0.12s attach=5.18s mode=low-latency recommended=5.00s status=ready ok
soak t=430s pos=435.81s latency=5.30s edge=0.07s attach=5.23s mode=low-latency recommended=5.00s status=ready ok
soak t=435s pos=440.80s latency=5.30s edge=0.04s attach=5.26s mode=low-latency recommended=5.00s status=ready ok
soak t=440s pos=445.80s latency=5.30s edge=0.12s attach=5.18s mode=low-latency recommended=5.00s status=ready ok
soak t=445s pos=450.80s latency=5.30s edge=0.01s attach=5.29s mode=low-latency recommended=5.00s status=ready ok
soak t=450s pos=455.80s latency=5.30s edge=0.09s attach=5.21s mode=low-latency recommended=5.00s status=ready ok
soak t=455s pos=460.80s latency=5.30s edge=0.17s attach=5.13s mode=low-latency recommended=5.00s status=ready ok
soak t=460s pos=465.80s latency=5.30s edge=0.06s attach=5.24s mode=low-latency recommended=5.00s status=ready ok
soak t=465s pos=470.80s latency=5.30s edge=0.14s attach=5.16s mode=low-latency recommended=5.00s status=ready ok
soak t=470s pos=475.80s latency=5.30s edge=0.04s attach=5.26s mode=low-latency recommended=5.00s status=ready ok
soak t=475s pos=480.80s latency=5.30s edge=0.10s attach=5.20s mode=low-latency recommended=5.00s status=ready ok
soak t=480s pos=485.80s latency=5.30s edge=0.17s attach=5.13s mode=low-latency recommended=5.00s status=ready ok
soak t=485s pos=490.80s latency=5.30s edge=0.06s attach=5.24s mode=low-latency recommended=5.00s status=ready ok
soak t=490s pos=495.80s latency=5.30s edge=0.12s attach=5.17s mode=low-latency recommended=5.00s status=ready ok
soak t=495s pos=500.80s latency=5.30s edge=0.01s attach=5.29s mode=low-latency recommended=5.00s status=ready ok
soak t=500s pos=505.80s latency=5.30s edge=0.09s attach=5.21s mode=low-latency recommended=5.00s status=ready ok
soak t=505s pos=510.80s latency=5.30s edge=0.16s attach=5.14s mode=low-latency recommended=5.00s status=ready ok
soak t=510s pos=515.80s latency=5.30s edge=0.07s attach=5.23s mode=low-latency recommended=5.00s status=ready ok
soak t=515s pos=520.80s latency=5.30s edge=0.14s attach=5.16s mode=low-latency recommended=5.00s status=ready ok
soak t=520s pos=525.80s latency=5.30s edge=0.03s attach=5.27s mode=low-latency recommended=5.00s status=ready ok
soak t=525s pos=530.80s latency=5.30s edge=0.10s attach=5.20s mode=low-latency recommended=5.00s status=ready ok
soak t=530s pos=535.80s latency=5.30s edge=0.15s attach=5.15s mode=low-latency recommended=5.00s status=ready ok
soak t=535s pos=540.80s latency=5.30s edge=0.04s attach=5.25s mode=low-latency recommended=5.00s status=ready ok
soak t=540s pos=545.80s latency=5.30s edge=0.11s attach=5.19s mode=low-latency recommended=5.00s status=ready ok
soak t=545s pos=550.80s latency=5.30s edge=0.17s attach=5.13s mode=low-latency recommended=5.00s status=ready ok
soak t=550s pos=555.80s latency=5.30s edge=0.06s attach=5.23s mode=low-latency recommended=5.00s status=ready ok
soak t=555s pos=560.81s latency=5.30s edge=0.13s attach=5.16s mode=low-latency recommended=5.00s status=ready ok
soak t=560s pos=565.80s latency=5.30s edge=0.02s attach=5.28s mode=low-latency recommended=5.00s status=ready ok
soak t=565s pos=570.80s latency=5.30s edge=0.09s attach=5.21s mode=low-latency recommended=5.00s status=ready ok
soak t=570s pos=575.80s latency=5.30s edge=0.15s attach=5.15s mode=low-latency recommended=5.00s status=ready ok
soak t=575s pos=580.80s latency=5.30s edge=0.04s attach=5.26s mode=low-latency recommended=5.00s status=ready ok
soak t=580s pos=585.80s latency=5.30s edge=0.10s attach=5.20s mode=low-latency recommended=5.00s status=ready ok
soak t=585s pos=590.80s latency=5.30s edge=0.17s attach=5.13s mode=low-latency recommended=5.00s status=ready ok
soak t=590s pos=595.80s latency=5.30s edge=0.07s attach=5.23s mode=low-latency recommended=5.00s status=ready ok
soak t=595s pos=600.80s latency=5.30s edge=0.14s attach=5.16s mode=low-latency recommended=5.00s status=ready ok
soak t=600s pos=605.80s latency=5.30s edge=0.04s attach=5.26s mode=low-latency recommended=5.00s status=ready ok
SOAK FAIL: median attachment 5.21s is not the declared target 3.00s
soak end url=http://127.0.0.1:53618/live/party/index.m3u8 label=holdback-5.0 verdict=FAIL summary=10min, 120 samples, mode low-latency (120/120 low-latency), median latency 5.30s = edge 0.09s + attach 5.21s, target 3.00s on attach
