soak begin url=http://127.0.0.1:53611/live/party/index.m3u8 label=holdback-3.0 target=3.000s minutes=10 print=5.0s position=0.25s build=soak-lab throwaway stack started=2026-09-11T02:29:53.311Z
soak legend latency=edge+attach edge=playlist staleness attach=distance the player chose from the live edge
soak t=005s pos=12.86s latency=3.24s edge=0.16s attach=3.08s mode=low-latency recommended=3.00s status=ready ok
soak t=010s pos=17.85s latency=3.24s edge=0.05s attach=3.19s mode=low-latency recommended=3.00s status=ready ok
soak t=015s pos=22.85s latency=3.24s edge=0.12s attach=3.12s mode=low-latency recommended=3.00s status=ready ok
soak t=020s pos=27.86s latency=3.24s edge=0.01s attach=3.23s mode=low-latency recommended=3.00s status=ready ok
soak t=025s pos=32.85s latency=3.24s edge=0.07s attach=3.17s mode=low-latency recommended=3.00s status=ready ok
soak t=030s pos=37.85s latency=3.24s edge=0.13s attach=3.11s mode=low-latency recommended=3.00s status=ready ok
soak t=035s pos=42.85s latency=3.24s edge=0.02s attach=3.22s mode=low-latency recommended=3.00s status=ready ok
soak t=040s pos=47.85s latency=3.24s edge=0.08s attach=3.16s mode=low-latency recommended=3.00s status=ready ok
soak t=045s pos=52.86s latency=3.24s edge=0.14s attach=3.10s mode=low-latency recommended=3.00s status=ready ok
soak t=050s pos=57.86s latency=3.24s edge=0.03s attach=3.21s mode=low-latency recommended=3.00s status=ready ok
soak t=055s pos=62.85s latency=3.24s edge=0.08s attach=3.16s mode=low-latency recommended=3.00s status=ready ok
soak t=060s pos=67.86s latency=3.24s edge=0.14s attach=3.10s mode=low-latency recommended=3.00s status=ready ok
soak t=065s pos=72.86s latency=3.24s edge=0.04s attach=3.20s mode=low-latency recommended=3.00s status=ready ok
soak t=070s pos=77.86s latency=3.24s edge=0.10s attach=3.14s mode=low-latency recommended=3.00s status=ready ok
soak t=075s pos=82.86s latency=3.24s edge=0.16s attach=3.08s mode=low-latency recommended=3.00s status=ready ok
soak t=080s pos=87.86s latency=3.24s edge=0.04s attach=3.20s mode=low-latency recommended=3.00s status=ready ok
soak t=085s pos=92.86s latency=3.24s edge=0.10s attach=3.14s mode=low-latency recommended=3.00s status=ready ok
soak t=090s pos=97.86s latency=3.24s edge=0.16s attach=3.08s mode=low-latency recommended=3.00s status=ready ok
soak t=095s pos=102.86s latency=3.24s edge=0.05s attach=3.19s mode=low-latency recommended=3.00s status=ready ok
soak t=100s pos=107.86s latency=3.24s edge=0.11s attach=3.13s mode=low-latency recommended=3.00s status=ready ok
soak t=105s pos=112.86s latency=3.24s edge=0.16s attach=3.08s mode=low-latency recommended=3.00s status=ready ok
soak t=110s pos=117.86s latency=3.24s edge=0.05s attach=3.19s mode=low-latency recommended=3.00s status=ready ok
soak t=115s pos=122.86s latency=3.24s edge=0.11s attach=3.13s mode=low-latency recommended=3.00s status=ready ok
soak t=120s pos=127.86s latency=3.24s edge=0.17s attach=3.07s mode=low-latency recommended=3.00s status=ready ok
soak t=125s pos=132.86s latency=3.24s edge=0.06s attach=3.18s mode=low-latency recommended=3.00s status=ready ok
soak t=130s pos=137.86s latency=3.24s edge=0.12s attach=3.12s mode=low-latency recommended=3.00s status=ready ok
soak t=135s pos=142.86s latency=3.24s edge=0.01s attach=3.23s mode=low-latency recommended=3.00s status=ready ok
soak t=140s pos=147.86s latency=3.24s edge=0.07s attach=3.17s mode=low-latency recommended=3.00s status=ready ok
soak t=145s pos=152.86s latency=3.24s edge=0.13s attach=3.11s mode=low-latency recommended=3.00s status=ready ok
soak t=150s pos=157.86s latency=3.24s edge=0.01s attach=3.23s mode=low-latency recommended=3.00s status=ready ok
soak t=155s pos=162.86s latency=3.24s edge=0.08s attach=3.16s mode=low-latency recommended=3.00s status=ready ok
soak t=160s pos=167.86s latency=3.24s edge=0.15s attach=3.09s mode=low-latency recommended=3.00s status=ready ok
soak t=165s pos=172.86s latency=3.24s edge=0.04s attach=3.20s mode=low-latency recommended=3.00s status=ready ok
soak t=170s pos=177.86s latency=3.24s edge=0.10s attach=3.14s mode=low-latency recommended=3.00s status=ready ok
soak t=175s pos=182.86s latency=3.24s edge=0.16s attach=3.08s mode=low-latency recommended=3.00s status=ready ok
soak t=180s pos=187.86s latency=3.24s edge=0.05s attach=3.19s mode=low-latency recommended=3.00s status=ready ok
soak t=185s pos=192.86s latency=3.24s edge=0.11s attach=3.13s mode=low-latency recommended=3.00s status=ready ok
soak t=190s pos=197.86s latency=3.24s edge=0.01s attach=3.22s mode=low-latency recommended=3.00s status=ready ok
soak t=195s pos=202.86s latency=3.24s edge=0.07s attach=3.17s mode=low-latency recommended=3.00s status=ready ok
soak t=200s pos=207.86s latency=3.24s edge=0.13s attach=3.11s mode=low-latency recommended=3.00s status=ready ok
soak t=205s pos=212.86s latency=3.24s edge=0.03s attach=3.21s mode=low-latency recommended=3.00s status=ready ok
soak t=210s pos=217.86s latency=3.24s edge=0.09s attach=3.15s mode=low-latency recommended=3.00s status=ready ok
soak t=215s pos=222.86s latency=3.24s edge=0.15s attach=3.09s mode=low-latency recommended=3.00s status=ready ok
soak t=220s pos=227.86s latency=3.24s edge=0.04s attach=3.20s mode=low-latency recommended=3.00s status=ready ok
soak t=225s pos=232.86s latency=3.24s edge=0.10s attach=3.14s mode=low-latency recommended=3.00s status=ready ok
soak t=230s pos=237.86s latency=3.24s edge=0.16s attach=3.08s mode=low-latency recommended=3.00s status=ready ok
soak t=235s pos=242.86s latency=3.24s edge=0.05s attach=3.19s mode=low-latency recommended=3.00s status=ready ok
soak t=240s pos=247.86s latency=3.24s edge=0.11s attach=3.12s mode=low-latency recommended=3.00s status=ready ok
soak t=245s pos=252.86s latency=3.24s edge=0.02s attach=3.22s mode=low-latency recommended=3.00s status=ready ok
soak t=250s pos=257.86s latency=3.24s edge=0.08s attach=3.16s mode=low-latency recommended=3.00s status=ready ok
soak t=255s pos=262.86s latency=3.24s edge=0.14s attach=3.10s mode=low-latency recommended=3.00s status=ready ok
soak t=260s pos=267.86s latency=3.24s edge=0.02s attach=3.21s mode=low-latency recommended=3.00s status=ready ok
soak t=265s pos=272.86s latency=3.24s edge=0.08s attach=3.16s mode=low-latency recommended=3.00s status=ready ok
soak t=270s pos=277.86s latency=3.24s edge=0.15s attach=3.09s mode=low-latency recommended=3.00s status=ready ok
soak t=275s pos=282.86s latency=3.24s edge=0.08s attach=3.15s mode=low-latency recommended=3.00s status=ready ok
soak t=280s pos=287.87s latency=3.24s edge=0.15s attach=3.09s mode=low-latency recommended=3.00s status=ready ok
soak t=285s pos=292.86s latency=3.24s edge=0.03s attach=3.20s mode=low-latency recommended=3.00s status=ready ok
soak t=290s pos=297.86s latency=3.24s edge=0.10s attach=3.14s mode=low-latency recommended=3.00s status=ready ok
soak t=295s pos=302.87s latency=3.24s edge=0.17s attach=3.07s mode=low-latency recommended=3.00s status=ready ok
soak t=300s pos=307.86s latency=3.24s edge=0.06s attach=3.18s mode=low-latency recommended=3.00s status=ready ok
soak t=305s pos=312.86s latency=3.24s edge=0.12s attach=3.11s mode=low-latency recommended=3.00s status=ready ok
soak t=310s pos=317.86s latency=3.24s edge=0.02s attach=3.22s mode=low-latency recommended=3.00s status=ready ok
soak t=315s pos=322.86s latency=3.24s edge=0.08s attach=3.15s mode=low-latency recommended=3.00s status=ready ok
soak t=320s pos=327.86s latency=3.24s edge=0.17s attach=3.07s mode=low-latency recommended=3.00s status=ready ok
soak t=325s pos=332.86s latency=3.24s edge=0.06s attach=3.18s mode=low-latency recommended=3.00s status=ready ok
soak t=330s pos=337.86s latency=3.24s edge=0.14s attach=3.10s mode=low-latency recommended=3.00s status=ready ok
soak t=335s pos=342.86s latency=3.24s edge=0.03s attach=3.21s mode=low-latency recommended=3.00s status=ready ok
soak t=340s pos=347.86s latency=3.24s edge=0.10s attach=3.14s mode=low-latency recommended=3.00s status=ready ok
soak t=345s pos=352.86s latency=3.24s edge=0.01s attach=3.23s mode=low-latency recommended=3.00s status=ready ok
soak t=350s pos=357.87s latency=3.24s edge=0.10s attach=3.14s mode=low-latency recommended=3.00s status=ready ok
soak t=355s pos=362.86s latency=3.24s edge=0.01s attach=3.23s mode=low-latency recommended=3.00s status=ready ok
soak t=360s pos=367.86s latency=3.24s edge=0.08s attach=3.16s mode=low-latency recommended=3.00s status=ready ok
soak t=365s pos=372.86s latency=3.24s edge=0.15s attach=3.09s mode=low-latency recommended=3.00s status=ready ok
soak t=370s pos=377.86s latency=3.24s edge=0.04s attach=3.19s mode=low-latency recommended=3.00s status=ready ok
soak t=375s pos=382.86s latency=3.24s edge=0.11s attach=3.13s mode=low-latency recommended=3.00s status=ready ok
soak t=380s pos=387.86s latency=3.24s edge=0.02s attach=3.22s mode=low-latency recommended=3.00s status=ready ok
soak t=385s pos=392.86s latency=3.24s edge=0.09s attach=3.15s mode=low-latency recommended=3.00s status=ready ok
soak t=390s pos=397.86s latency=3.24s edge=0.16s attach=3.08s mode=low-latency recommended=3.00s status=ready ok
soak t=395s pos=402.86s latency=3.24s edge=0.05s attach=3.18s mode=low-latency recommended=3.00s status=ready ok
soak t=400s pos=407.86s latency=3.24s edge=0.12s attach=3.12s mode=low-latency recommended=3.00s status=ready ok
soak t=405s pos=412.86s latency=3.24s edge=0.06s attach=3.18s mode=low-latency recommended=3.00s status=ready ok
soak t=410s pos=417.86s latency=3.24s edge=0.12s attach=3.12s mode=low-latency recommended=3.00s status=ready ok
soak t=415s pos=422.86s latency=3.24s edge=0.01s attach=3.23s mode=low-latency recommended=3.00s status=ready ok
soak t=420s pos=427.86s latency=3.24s edge=0.08s attach=3.16s mode=low-latency recommended=3.00s status=ready ok
soak t=425s pos=432.86s latency=3.24s edge=0.15s attach=3.09s mode=low-latency recommended=3.00s status=ready ok
soak t=430s pos=437.87s latency=3.24s edge=0.07s attach=3.17s mode=low-latency recommended=3.00s status=ready ok
soak t=435s pos=442.86s latency=3.24s edge=0.02s attach=3.22s mode=low-latency recommended=3.00s status=ready ok
soak t=440s pos=447.86s latency=3.24s edge=0.09s attach=3.15s mode=low-latency recommended=3.00s status=ready ok
soak t=445s pos=452.86s latency=3.24s edge=0.17s attach=3.07s mode=low-latency recommended=3.00s status=ready ok
soak t=450s pos=457.86s latency=3.24s edge=0.06s attach=3.18s mode=low-latency recommended=3.00s status=ready ok
soak t=455s pos=462.86s latency=3.24s edge=0.12s attach=3.12s mode=low-latency recommended=3.00s status=ready ok
soak t=460s pos=467.86s latency=3.24s edge=0.02s attach=3.22s mode=low-latency recommended=3.00s status=ready ok
soak t=465s pos=472.86s latency=3.24s edge=0.09s attach=3.15s mode=low-latency recommended=3.00s status=ready ok
soak t=470s pos=477.86s latency=3.24s edge=0.15s attach=3.09s mode=low-latency recommended=3.00s status=ready ok
soak t=475s pos=482.86s latency=3.24s edge=0.05s attach=3.19s mode=low-latency recommended=3.00s status=ready ok
soak t=480s pos=487.86s latency=3.24s edge=0.11s attach=3.13s mode=low-latency recommended=3.00s status=ready ok
soak t=485s pos=492.86s latency=3.24s edge=0.17s attach=3.07s mode=low-latency recommended=3.00s status=ready ok
soak t=490s pos=497.86s latency=3.24s edge=0.06s attach=3.18s mode=low-latency recommended=3.00s status=ready ok
soak t=495s pos=502.86s latency=3.24s edge=0.12s attach=3.12s mode=low-latency recommended=3.00s status=ready ok
soak t=500s pos=507.86s latency=3.24s edge=0.01s attach=3.23s mode=low-latency recommended=3.00s status=ready ok
soak t=505s pos=512.86s latency=3.24s edge=0.09s attach=3.15s mode=low-latency recommended=3.00s status=ready ok
soak t=510s pos=517.86s latency=3.24s edge=0.14s attach=3.10s mode=low-latency recommended=3.00s status=ready ok
soak t=515s pos=522.86s latency=3.24s edge=0.03s attach=3.21s mode=low-latency recommended=3.00s status=ready ok
soak t=520s pos=527.86s latency=3.24s edge=0.10s attach=3.14s mode=low-latency recommended=3.00s status=ready ok
soak t=525s pos=532.86s latency=3.24s edge=0.16s attach=3.08s mode=low-latency recommended=3.00s status=ready ok
soak t=530s pos=537.86s latency=3.24s edge=0.06s attach=3.18s mode=low-latency recommended=3.00s status=ready ok
soak t=535s pos=542.86s latency=3.24s edge=0.13s attach=3.11s mode=low-latency recommended=3.00s status=ready ok
soak t=540s pos=547.86s latency=3.24s edge=0.03s attach=3.21s mode=low-latency recommended=3.00s status=ready ok
soak t=545s pos=552.86s latency=3.24s edge=0.09s attach=3.15s mode=low-latency recommended=3.00s status=ready ok
soak t=550s pos=557.86s latency=3.24s edge=0.16s attach=3.07s mode=low-latency recommended=3.00s status=ready ok
soak t=555s pos=562.87s latency=3.24s edge=0.07s attach=3.17s mode=low-latency recommended=3.00s status=ready ok
soak t=560s pos=567.86s latency=3.24s edge=0.15s attach=3.09s mode=low-latency recommended=3.00s status=ready ok
soak t=565s pos=572.86s latency=3.24s edge=0.04s attach=3.20s mode=low-latency recommended=3.00s status=ready ok
soak t=570s pos=577.86s latency=3.24s edge=0.11s attach=3.13s mode=low-latency recommended=3.00s status=ready ok
soak t=575s pos=582.86s latency=3.24s edge=0.01s attach=3.23s mode=low-latency recommended=3.00s status=ready ok
soak t=580s pos=587.86s latency=3.24s edge=0.06s attach=3.17s mode=low-latency recommended=3.00s status=ready ok
soak t=585s pos=592.86s latency=3.24s edge=0.13s attach=3.11s mode=low-latency recommended=3.00s status=ready ok
soak t=590s pos=597.86s latency=3.24s edge=0.02s attach=3.21s mode=low-latency recommended=3.00s status=ready ok
soak t=595s pos=602.86s latency=3.24s edge=0.09s attach=3.15s mode=low-latency recommended=3.00s status=ready ok
soak t=600s pos=607.86s latency=3.24s edge=0.15s attach=3.09s mode=low-latency recommended=3.00s status=ready ok
SOAK PASS: 10min, 120 samples, mode low-latency (120/120 low-latency), median latency 3.24s = edge 0.09s + attach 3.15s, target 3.00s on attach, zero backward movement
soak end url=http://127.0.0.1:53611/live/party/index.m3u8 label=holdback-3.0 verdict=PASS
