soak begin url=http://127.0.0.1:53534/live/party/index.m3u8 label=direct target=3.000s minutes=10 print=5.0s position=0.25s build=soak-lab throwaway stack started=2026-09-11T02:29:53.311Z
soak legend latency=edge+attach edge=playlist staleness attach=distance the player chose from the live edge
soak t=005s pos=13.38s latency=2.72s edge=0.16s attach=2.56s mode=low-latency recommended=3.00s status=ready ok
soak t=010s pos=18.38s latency=2.72s edge=0.05s attach=2.67s mode=low-latency recommended=3.00s status=ready ok
soak t=015s pos=23.38s latency=2.72s edge=0.12s attach=2.60s mode=low-latency recommended=3.00s status=ready ok
soak t=020s pos=28.38s latency=2.72s edge=0.18s attach=2.54s mode=low-latency recommended=3.00s status=ready ok
soak t=025s pos=33.38s latency=2.72s edge=0.07s attach=2.65s mode=low-latency recommended=3.00s status=ready ok
soak t=030s pos=38.38s latency=2.72s edge=0.13s attach=2.58s mode=low-latency recommended=3.00s status=ready ok
soak t=035s pos=43.38s latency=2.72s edge=0.02s attach=2.69s mode=low-latency recommended=3.00s status=ready ok
soak t=040s pos=48.38s latency=2.72s edge=0.08s attach=2.64s mode=low-latency recommended=3.00s status=ready ok
soak t=045s pos=53.38s latency=2.72s edge=0.13s attach=2.58s mode=low-latency recommended=3.00s status=ready ok
soak t=050s pos=58.38s latency=2.72s edge=0.02s attach=2.69s mode=low-latency recommended=3.00s status=ready ok
soak t=055s pos=63.38s latency=2.72s edge=0.08s attach=2.64s mode=low-latency recommended=3.00s status=ready ok
soak t=060s pos=68.38s latency=2.72s edge=0.14s attach=2.58s mode=low-latency recommended=3.00s status=ready ok
soak t=065s pos=73.38s latency=2.72s edge=0.03s attach=2.69s mode=low-latency recommended=3.00s status=ready ok
soak t=070s pos=78.38s latency=2.72s edge=0.09s attach=2.62s mode=low-latency recommended=3.00s status=ready ok
soak t=075s pos=83.38s latency=2.72s edge=0.15s attach=2.56s mode=low-latency recommended=3.00s status=ready ok
soak t=080s pos=88.38s latency=2.72s edge=0.04s attach=2.67s mode=low-latency recommended=3.00s status=ready ok
soak t=085s pos=93.38s latency=2.72s edge=0.10s attach=2.62s mode=low-latency recommended=3.00s status=ready ok
soak t=090s pos=98.38s latency=2.72s edge=0.15s attach=2.56s mode=low-latency recommended=3.00s status=ready ok
soak t=095s pos=103.38s latency=2.72s edge=0.04s attach=2.68s mode=low-latency recommended=3.00s status=ready ok
soak t=100s pos=108.38s latency=2.72s edge=0.09s attach=2.62s mode=low-latency recommended=3.00s status=ready ok
soak t=105s pos=113.38s latency=2.72s edge=0.15s attach=2.56s mode=low-latency recommended=3.00s status=ready ok
soak t=110s pos=118.38s latency=2.72s edge=0.04s attach=2.67s mode=low-latency recommended=3.00s status=ready ok
soak t=115s pos=123.38s latency=2.72s edge=0.10s attach=2.62s mode=low-latency recommended=3.00s status=ready ok
soak t=120s pos=128.38s latency=2.72s edge=0.16s attach=2.56s mode=low-latency recommended=3.00s status=ready ok
soak t=125s pos=133.38s latency=2.72s edge=0.05s attach=2.67s mode=low-latency recommended=3.00s status=ready ok
soak t=130s pos=138.38s latency=2.72s edge=0.10s attach=2.61s mode=low-latency recommended=3.00s status=ready ok
soak t=135s pos=143.39s latency=2.72s edge=0.16s attach=2.55s mode=low-latency recommended=3.00s status=ready ok
soak t=140s pos=148.39s latency=2.72s edge=0.05s attach=2.67s mode=low-latency recommended=3.00s status=ready ok
soak t=145s pos=153.39s latency=2.72s edge=0.10s attach=2.61s mode=low-latency recommended=3.00s status=ready ok
soak t=150s pos=158.39s latency=2.72s edge=0.17s attach=2.55s mode=low-latency recommended=3.00s status=ready ok
soak t=155s pos=163.39s latency=2.72s edge=0.06s attach=2.66s mode=low-latency recommended=3.00s status=ready ok
soak t=160s pos=168.39s latency=2.72s edge=0.12s attach=2.59s mode=low-latency recommended=3.00s status=ready ok
soak t=165s pos=173.39s latency=2.72s edge=0.01s attach=2.71s mode=low-latency recommended=3.00s status=ready ok
soak t=170s pos=178.39s latency=2.72s edge=0.06s attach=2.65s mode=low-latency recommended=3.00s status=ready ok
soak t=175s pos=183.39s latency=2.72s edge=0.13s attach=2.59s mode=low-latency recommended=3.00s status=ready ok
soak t=180s pos=188.39s latency=2.72s edge=0.02s attach=2.69s mode=low-latency recommended=3.00s status=ready ok
soak t=185s pos=193.39s latency=2.72s edge=0.09s attach=2.63s mode=low-latency recommended=3.00s status=ready ok
soak t=190s pos=198.39s latency=2.72s edge=0.15s attach=2.56s mode=low-latency recommended=3.00s status=ready ok
soak t=195s pos=203.39s latency=2.72s edge=0.05s attach=2.67s mode=low-latency recommended=3.00s status=ready ok
soak t=200s pos=208.39s latency=2.72s edge=0.11s attach=2.61s mode=low-latency recommended=3.00s status=ready ok
soak t=205s pos=213.39s latency=2.72s edge=0.17s attach=2.55s mode=low-latency recommended=3.00s status=ready ok
soak t=210s pos=218.39s latency=2.72s edge=0.06s attach=2.66s mode=low-latency recommended=3.00s status=ready ok
soak t=215s pos=223.39s latency=2.72s edge=0.11s attach=2.60s mode=low-latency recommended=3.00s status=ready ok
soak t=220s pos=228.39s latency=2.72s edge=0.01s attach=2.71s mode=low-latency recommended=3.00s status=ready ok
soak t=225s pos=233.39s latency=2.72s edge=0.07s attach=2.65s mode=low-latency recommended=3.00s status=ready ok
soak t=230s pos=238.39s latency=2.72s edge=0.13s attach=2.58s mode=low-latency recommended=3.00s status=ready ok
soak t=235s pos=243.39s latency=2.72s edge=0.02s attach=2.69s mode=low-latency recommended=3.00s status=ready ok
soak t=240s pos=248.39s latency=2.72s edge=0.11s attach=2.60s mode=low-latency recommended=3.00s status=ready ok
soak t=245s pos=253.39s latency=2.72s edge=0.17s attach=2.54s mode=low-latency recommended=3.00s status=ready ok
soak t=250s pos=258.39s latency=2.72s edge=0.07s attach=2.65s mode=low-latency recommended=3.00s status=ready ok
soak t=255s pos=263.39s latency=2.72s edge=0.13s attach=2.58s mode=low-latency recommended=3.00s status=ready ok
soak t=260s pos=268.39s latency=2.72s edge=0.03s attach=2.69s mode=low-latency recommended=3.00s status=ready ok
soak t=265s pos=273.39s latency=2.72s edge=0.09s attach=2.62s mode=low-latency recommended=3.00s status=ready ok
soak t=270s pos=278.39s latency=2.72s edge=0.16s attach=2.56s mode=low-latency recommended=3.00s status=ready ok
soak t=275s pos=283.39s latency=2.72s edge=0.09s attach=2.63s mode=low-latency recommended=3.00s status=ready ok
soak t=280s pos=288.40s latency=2.72s edge=0.14s attach=2.57s mode=low-latency recommended=3.00s status=ready ok
soak t=285s pos=293.39s latency=2.72s edge=0.03s attach=2.68s mode=low-latency recommended=3.00s status=ready ok
soak t=290s pos=298.39s latency=2.72s edge=0.10s attach=2.61s mode=low-latency recommended=3.00s status=ready ok
soak t=295s pos=303.39s latency=2.72s edge=0.17s attach=2.55s mode=low-latency recommended=3.00s status=ready ok
soak t=300s pos=308.39s latency=2.72s edge=0.06s attach=2.66s mode=low-latency recommended=3.00s status=ready ok
soak t=305s pos=313.39s latency=2.72s edge=0.13s attach=2.59s mode=low-latency recommended=3.00s status=ready ok
soak t=310s pos=318.39s latency=2.72s edge=0.01s attach=2.70s mode=low-latency recommended=3.00s status=ready ok
soak t=315s pos=323.39s latency=2.72s edge=0.08s attach=2.64s mode=low-latency recommended=3.00s status=ready ok
soak t=320s pos=328.39s latency=2.72s edge=0.16s attach=2.55s mode=low-latency recommended=3.00s status=ready ok
soak t=325s pos=333.39s latency=2.72s edge=0.05s attach=2.66s mode=low-latency recommended=3.00s status=ready ok
soak t=330s pos=338.39s latency=2.72s edge=0.12s attach=2.59s mode=low-latency recommended=3.00s status=ready ok
soak t=335s pos=343.39s latency=2.72s edge=0.02s attach=2.70s mode=low-latency recommended=3.00s status=ready ok
soak t=340s pos=348.39s latency=2.72s edge=0.09s attach=2.63s mode=low-latency recommended=3.00s status=ready ok
soak t=345s pos=353.39s latency=2.72s edge=0.16s attach=2.56s mode=low-latency recommended=3.00s status=ready ok
soak t=350s pos=358.40s latency=2.72s edge=0.06s attach=2.65s mode=low-latency recommended=3.00s status=ready ok
soak t=355s pos=363.39s latency=2.72s edge=0.13s attach=2.59s mode=low-latency recommended=3.00s status=ready ok
soak t=360s pos=368.39s latency=2.72s edge=0.04s attach=2.67s mode=low-latency recommended=3.00s status=ready ok
soak t=365s pos=373.39s latency=2.72s edge=0.11s attach=2.61s mode=low-latency recommended=3.00s status=ready ok
soak t=370s pos=378.39s latency=2.72s edge=0.01s attach=2.70s mode=low-latency recommended=3.00s status=ready ok
soak t=375s pos=383.39s latency=2.72s edge=0.07s attach=2.64s mode=low-latency recommended=3.00s status=ready ok
soak t=380s pos=388.39s latency=2.72s edge=0.14s attach=2.58s mode=low-latency recommended=3.00s status=ready ok
soak t=385s pos=393.39s latency=2.72s edge=0.03s attach=2.69s mode=low-latency recommended=3.00s status=ready ok
soak t=390s pos=398.39s latency=2.72s edge=0.10s attach=2.61s mode=low-latency recommended=3.00s status=ready ok
soak t=395s pos=403.39s latency=2.72s edge=0.16s attach=2.55s mode=low-latency recommended=3.00s status=ready ok
soak t=400s pos=408.39s latency=2.72s edge=0.06s attach=2.65s mode=low-latency recommended=3.00s status=ready ok
soak t=405s pos=413.39s latency=2.72s edge=0.15s attach=2.57s mode=low-latency recommended=3.00s status=ready ok
soak t=410s pos=418.39s latency=2.72s edge=0.05s attach=2.66s mode=low-latency recommended=3.00s status=ready ok
soak t=415s pos=423.39s latency=2.72s edge=0.11s attach=2.60s mode=low-latency recommended=3.00s status=ready ok
soak t=420s pos=428.39s latency=2.72s edge=0.18s attach=2.54s mode=low-latency recommended=3.00s status=ready ok
soak t=425s pos=433.39s latency=2.72s edge=0.07s attach=2.65s mode=low-latency recommended=3.00s status=ready ok
soak t=430s pos=438.39s latency=2.72s edge=0.14s attach=2.58s mode=low-latency recommended=3.00s status=ready ok
soak t=435s pos=443.39s latency=2.72s edge=0.03s attach=2.69s mode=low-latency recommended=3.00s status=ready ok
soak t=440s pos=448.39s latency=2.72s edge=0.11s attach=2.61s mode=low-latency recommended=3.00s status=ready ok
soak t=445s pos=453.39s latency=2.72s edge=0.03s attach=2.69s mode=low-latency recommended=3.00s status=ready ok
soak t=450s pos=458.39s latency=2.72s edge=0.10s attach=2.61s mode=low-latency recommended=3.00s status=ready ok
soak t=455s pos=463.39s latency=2.72s edge=0.01s attach=2.70s mode=low-latency recommended=3.00s status=ready ok
soak t=460s pos=468.39s latency=2.72s edge=0.08s attach=2.64s mode=low-latency recommended=3.00s status=ready ok
soak t=465s pos=473.39s latency=2.72s edge=0.17s attach=2.54s mode=low-latency recommended=3.00s status=ready ok
soak t=470s pos=478.39s latency=2.72s edge=0.07s attach=2.65s mode=low-latency recommended=3.00s status=ready ok
soak t=475s pos=483.39s latency=2.72s edge=0.13s attach=2.58s mode=low-latency recommended=3.00s status=ready ok
soak t=480s pos=488.39s latency=2.72s edge=0.02s attach=2.70s mode=low-latency recommended=3.00s status=ready ok
soak t=485s pos=493.39s latency=2.72s edge=0.08s attach=2.63s mode=low-latency recommended=3.00s status=ready ok
soak t=490s pos=498.39s latency=2.72s edge=0.15s attach=2.56s mode=low-latency recommended=3.00s status=ready ok
soak t=495s pos=503.39s latency=2.72s edge=0.05s attach=2.67s mode=low-latency recommended=3.00s status=ready ok
soak t=500s pos=508.39s latency=2.72s edge=0.11s attach=2.61s mode=low-latency recommended=3.00s status=ready ok
soak t=505s pos=513.39s latency=2.72s edge=0.17s attach=2.55s mode=low-latency recommended=3.00s status=ready ok
soak t=510s pos=518.39s latency=2.72s edge=0.07s attach=2.64s mode=low-latency recommended=3.00s status=ready ok
soak t=515s pos=523.39s latency=2.72s edge=0.14s attach=2.57s mode=low-latency recommended=3.00s status=ready ok
soak t=520s pos=528.39s latency=2.71s edge=0.03s attach=2.69s mode=low-latency recommended=3.00s status=ready ok
soak t=525s pos=533.39s latency=2.71s edge=0.10s attach=2.62s mode=low-latency recommended=3.00s status=ready ok
soak t=530s pos=538.39s latency=2.71s edge=0.16s attach=2.56s mode=low-latency recommended=3.00s status=ready ok
soak t=535s pos=543.39s latency=2.71s edge=0.05s attach=2.66s mode=low-latency recommended=3.00s status=ready ok
soak t=540s pos=548.39s latency=2.71s edge=0.12s attach=2.60s mode=low-latency recommended=3.00s status=ready ok
soak t=545s pos=553.39s latency=2.71s edge=0.18s attach=2.54s mode=low-latency recommended=3.00s status=ready ok
soak t=550s pos=558.39s latency=2.71s edge=0.08s attach=2.63s mode=low-latency recommended=3.00s status=ready ok
soak t=555s pos=563.39s latency=2.71s edge=0.17s attach=2.55s mode=low-latency recommended=3.00s status=ready ok
soak t=560s pos=568.39s latency=2.71s edge=0.08s attach=2.63s mode=low-latency recommended=3.00s status=ready ok
soak t=565s pos=573.39s latency=2.71s edge=0.14s attach=2.58s mode=low-latency recommended=3.00s status=ready ok
soak t=570s pos=578.39s latency=2.71s edge=0.03s attach=2.69s mode=low-latency recommended=3.00s status=ready ok
soak t=575s pos=583.39s latency=2.71s edge=0.10s attach=2.62s mode=low-latency recommended=3.00s status=ready ok
soak t=580s pos=588.39s latency=2.71s edge=0.16s attach=2.56s mode=low-latency recommended=3.00s status=ready ok
soak t=585s pos=593.39s latency=2.71s edge=0.05s attach=2.66s mode=low-latency recommended=3.00s status=ready ok
soak t=590s pos=598.39s latency=2.71s edge=0.12s attach=2.60s mode=low-latency recommended=3.00s status=ready ok
soak t=595s pos=603.39s latency=2.72s edge=0.01s attach=2.70s mode=low-latency recommended=3.00s status=ready ok
soak t=600s pos=608.39s latency=2.72s edge=0.10s attach=2.62s mode=low-latency recommended=3.00s status=ready ok
SOAK PASS: 10min, 120 samples, mode low-latency (120/120 low-latency), median latency 2.72s = edge 0.10s + attach 2.62s, target 3.00s on attach, zero backward movement
soak end url=http://127.0.0.1:53534/live/party/index.m3u8 label=direct verdict=PASS
