soak begin url=http://127.0.0.1:58417/live/party/index.m3u8 label=holdback-3.0 target=3.000s minutes=10 print=5.0s position=0.25s build=soak-lab throwaway stack started=2026-09-11T02:49:14.753Z
soak legend latency=edge+attach edge=playlist staleness attach=distance the player chose from the live edge
soak t=005s pos=14.88s latency=3.31s edge=0.08s attach=3.23s mode=low-latency recommended=3.00s status=ready ok
soak t=010s pos=19.88s latency=3.31s edge=0.14s attach=3.17s mode=low-latency recommended=3.00s status=ready ok
soak t=015s pos=24.88s latency=3.31s edge=0.03s attach=3.28s mode=low-latency recommended=3.00s status=ready ok
soak t=020s pos=29.87s latency=3.31s edge=0.11s attach=3.20s mode=low-latency recommended=3.00s status=ready ok
soak t=025s pos=34.88s latency=3.31s edge=0.02s attach=3.28s mode=low-latency recommended=3.00s status=ready ok
soak t=030s pos=39.87s latency=3.31s edge=0.09s attach=3.21s mode=low-latency recommended=3.00s status=ready ok
soak t=035s pos=44.87s latency=3.31s edge=0.16s attach=3.14s mode=low-latency recommended=3.00s status=ready ok
soak t=040s pos=49.87s latency=3.31s edge=0.05s attach=3.25s mode=low-latency recommended=3.00s status=ready ok
soak t=045s pos=54.87s latency=3.31s edge=0.12s attach=3.19s mode=low-latency recommended=3.00s status=ready ok
soak t=050s pos=59.87s latency=3.31s edge=0.02s attach=3.29s mode=low-latency recommended=3.00s status=ready ok
soak t=055s pos=64.87s latency=3.31s edge=0.15s attach=3.15s mode=low-latency recommended=3.00s status=ready ok
soak t=060s pos=69.87s latency=3.31s edge=0.08s attach=3.23s mode=low-latency recommended=3.00s status=ready ok
soak t=065s pos=74.87s latency=3.31s edge=0.14s attach=3.17s mode=low-latency recommended=3.00s status=ready ok
soak t=070s pos=79.87s latency=3.31s edge=0.04s attach=3.27s mode=low-latency recommended=3.00s status=ready ok
soak t=075s pos=84.88s latency=3.31s edge=0.11s attach=3.19s mode=low-latency recommended=3.00s status=ready ok
soak t=080s pos=89.88s latency=3.31s edge=0.02s attach=3.29s mode=low-latency recommended=3.00s status=ready ok
soak t=085s pos=94.87s latency=3.31s edge=0.08s attach=3.23s mode=low-latency recommended=3.00s status=ready ok
soak t=090s pos=99.87s latency=3.31s edge=0.16s attach=3.15s mode=low-latency recommended=3.00s status=ready ok
soak t=095s pos=104.87s latency=3.31s edge=0.06s attach=3.24s mode=low-latency recommended=3.00s status=ready ok
soak t=100s pos=109.87s latency=3.31s edge=0.14s attach=3.17s mode=low-latency recommended=3.00s status=ready ok
soak t=105s pos=114.87s latency=3.31s edge=0.03s attach=3.28s mode=low-latency recommended=3.00s status=ready ok
soak t=110s pos=119.88s latency=3.31s edge=0.10s attach=3.21s mode=low-latency recommended=3.00s status=ready ok
soak t=115s pos=124.88s latency=3.31s edge=0.18s attach=3.13s mode=low-latency recommended=3.00s status=ready ok
soak t=120s pos=129.87s latency=3.31s edge=0.07s attach=3.23s mode=low-latency recommended=3.00s status=ready ok
soak t=125s pos=134.87s latency=3.31s edge=0.14s attach=3.17s mode=low-latency recommended=3.00s status=ready ok
soak t=130s pos=139.87s latency=3.31s edge=0.04s attach=3.26s mode=low-latency recommended=3.00s status=ready ok
soak t=135s pos=144.87s latency=3.31s edge=0.11s attach=3.20s mode=low-latency recommended=3.00s status=ready ok
soak t=140s pos=149.88s latency=3.31s edge=0.00s attach=3.30s mode=low-latency recommended=3.00s status=ready ok
soak t=145s pos=154.87s latency=3.31s edge=0.10s attach=3.20s mode=low-latency recommended=3.00s status=ready ok
soak t=150s pos=159.87s latency=3.31s edge=0.01s attach=3.29s mode=low-latency recommended=3.00s status=ready ok
soak t=155s pos=164.88s latency=3.31s edge=0.08s attach=3.23s mode=low-latency recommended=3.00s status=ready ok
soak t=160s pos=169.87s latency=3.31s edge=0.14s attach=3.16s mode=low-latency recommended=3.00s status=ready ok
soak t=165s pos=174.88s latency=3.31s edge=0.04s attach=3.27s mode=low-latency recommended=3.00s status=ready ok
soak t=170s pos=179.87s latency=3.31s edge=0.11s attach=3.20s mode=low-latency recommended=3.00s status=ready ok
soak t=175s pos=184.87s latency=3.31s edge=0.01s attach=3.29s mode=low-latency recommended=3.00s status=ready ok
soak t=180s pos=189.87s latency=3.31s edge=0.08s attach=3.22s mode=low-latency recommended=3.00s status=ready ok
soak t=185s pos=194.87s latency=3.31s edge=0.15s attach=3.15s mode=low-latency recommended=3.00s status=ready ok
soak t=190s pos=199.88s latency=3.31s edge=0.05s attach=3.25s mode=low-latency recommended=3.00s status=ready ok
soak t=195s pos=204.88s latency=3.31s edge=0.12s attach=3.18s mode=low-latency recommended=3.00s status=ready ok
soak t=200s pos=209.87s latency=3.31s edge=0.02s attach=3.28s mode=low-latency recommended=3.00s status=ready ok
soak t=205s pos=214.87s latency=3.31s edge=0.09s attach=3.21s mode=low-latency recommended=3.00s status=ready ok
soak t=210s pos=219.88s latency=3.31s edge=0.16s attach=3.14s mode=low-latency recommended=3.00s status=ready ok
soak t=215s pos=224.88s latency=3.31s edge=0.08s attach=3.23s mode=low-latency recommended=3.00s status=ready ok
soak t=220s pos=229.87s latency=3.31s edge=0.14s attach=3.16s mode=low-latency recommended=3.00s status=ready ok
soak t=225s pos=234.87s latency=3.31s edge=0.05s attach=3.26s mode=low-latency recommended=3.00s status=ready ok
soak t=230s pos=239.87s latency=3.31s edge=0.11s attach=3.20s mode=low-latency recommended=3.00s status=ready ok
soak t=235s pos=244.88s latency=3.31s edge=0.02s attach=3.29s mode=low-latency recommended=3.00s status=ready ok
soak t=240s pos=249.88s latency=3.31s edge=0.09s attach=3.22s mode=low-latency recommended=3.00s status=ready ok
soak t=245s pos=254.88s latency=3.31s edge=0.16s attach=3.15s mode=low-latency recommended=3.00s status=ready ok
soak t=250s pos=259.88s latency=3.31s edge=0.06s attach=3.25s mode=low-latency recommended=3.00s status=ready ok
soak t=255s pos=264.88s latency=3.31s edge=0.13s attach=3.18s mode=low-latency recommended=3.00s status=ready ok
soak t=260s pos=269.88s latency=3.31s edge=0.03s attach=3.28s mode=low-latency recommended=3.00s status=ready ok
soak t=265s pos=274.88s latency=3.31s edge=0.09s attach=3.22s mode=low-latency recommended=3.00s status=ready ok
soak t=270s pos=279.88s latency=3.31s edge=0.17s attach=3.14s mode=low-latency recommended=3.00s status=ready ok
soak t=275s pos=284.88s latency=3.31s edge=0.06s attach=3.24s mode=low-latency recommended=3.00s status=ready ok
soak t=280s pos=289.88s latency=3.31s edge=0.13s attach=3.17s mode=low-latency recommended=3.00s status=ready ok
soak t=285s pos=294.88s latency=3.31s edge=0.03s attach=3.28s mode=low-latency recommended=3.00s status=ready ok
soak t=290s pos=299.88s latency=3.31s edge=0.10s attach=3.21s mode=low-latency recommended=3.00s status=ready ok
soak t=295s pos=304.88s latency=3.31s edge=0.04s attach=3.27s mode=low-latency recommended=3.00s status=ready ok
soak t=300s pos=309.88s latency=3.31s edge=0.11s attach=3.20s mode=low-latency recommended=3.00s status=ready ok
soak t=305s pos=314.88s latency=3.31s edge=0.03s attach=3.28s mode=low-latency recommended=3.00s status=ready ok
soak t=310s pos=319.88s latency=3.31s edge=0.09s attach=3.21s mode=low-latency recommended=3.00s status=ready ok
soak t=315s pos=324.88s latency=3.31s edge=0.17s attach=3.13s mode=low-latency recommended=3.00s status=ready ok
soak t=320s pos=329.88s latency=3.31s edge=0.07s attach=3.24s mode=low-latency recommended=3.00s status=ready ok
soak t=325s pos=334.88s latency=3.31s edge=0.15s attach=3.16s mode=low-latency recommended=3.00s status=ready ok
soak t=330s pos=339.88s latency=3.31s edge=0.05s attach=3.26s mode=low-latency recommended=3.00s status=ready ok
soak t=335s pos=344.88s latency=3.31s edge=0.12s attach=3.18s mode=low-latency recommended=3.00s status=ready ok
soak t=340s pos=349.88s latency=3.31s edge=0.04s attach=3.27s mode=low-latency recommended=3.00s status=ready ok
soak t=345s pos=354.88s latency=3.31s edge=0.12s attach=3.19s mode=low-latency recommended=3.00s status=ready ok
soak t=350s pos=359.88s latency=3.31s edge=0.03s attach=3.28s mode=low-latency recommended=3.00s status=ready ok
soak t=355s pos=364.88s latency=3.31s edge=0.10s attach=3.21s mode=low-latency recommended=3.00s status=ready ok
soak t=360s pos=369.88s latency=3.31s edge=0.05s attach=3.26s mode=low-latency recommended=3.00s status=ready ok
soak t=365s pos=374.88s latency=3.31s edge=0.11s attach=3.20s mode=low-latency recommended=3.00s status=ready ok
soak t=370s pos=379.88s latency=3.31s edge=0.18s attach=3.12s mode=low-latency recommended=3.00s status=ready ok
soak t=375s pos=384.88s latency=3.31s edge=0.09s attach=3.21s mode=low-latency recommended=3.00s status=ready ok
soak t=380s pos=389.88s latency=3.31s edge=0.16s attach=3.15s mode=low-latency recommended=3.00s status=ready ok
soak t=385s pos=394.88s latency=3.31s edge=0.06s attach=3.24s mode=low-latency recommended=3.00s status=ready ok
soak t=390s pos=399.88s latency=3.31s edge=0.15s attach=3.15s mode=low-latency recommended=3.00s status=ready ok
soak t=395s pos=404.88s latency=3.31s edge=0.05s attach=3.26s mode=low-latency recommended=3.00s status=ready ok
soak t=400s pos=409.88s latency=3.31s edge=0.13s attach=3.17s mode=low-latency recommended=3.00s status=ready ok
soak t=405s pos=414.88s latency=3.31s edge=0.03s attach=3.27s mode=low-latency recommended=3.00s status=ready ok
soak t=410s pos=419.88s latency=3.31s edge=0.11s attach=3.19s mode=low-latency recommended=3.00s status=ready ok
soak t=415s pos=424.90s latency=3.31s edge=0.05s attach=3.26s mode=low-latency recommended=3.00s status=ready ok
soak t=420s pos=429.88s latency=3.31s edge=0.13s attach=3.18s mode=low-latency recommended=3.00s status=ready ok
soak t=425s pos=434.89s latency=3.31s edge=0.08s attach=3.22s mode=low-latency recommended=3.00s status=ready ok
soak t=430s pos=439.88s latency=3.31s edge=0.18s attach=3.13s mode=low-latency recommended=3.00s status=ready ok
soak t=435s pos=444.88s latency=3.31s edge=0.08s attach=3.22s mode=low-latency recommended=3.00s status=ready ok
soak t=440s pos=449.88s latency=3.31s edge=0.15s attach=3.15s mode=low-latency recommended=3.00s status=ready ok
soak t=445s pos=454.88s latency=3.31s edge=0.05s attach=3.26s mode=low-latency recommended=3.00s status=ready ok
soak t=450s pos=459.88s latency=3.31s edge=0.13s attach=3.18s mode=low-latency recommended=3.00s status=ready ok
soak t=455s pos=464.88s latency=3.31s edge=0.03s attach=3.28s mode=low-latency recommended=3.00s status=ready ok
soak t=460s pos=469.88s latency=3.31s edge=0.16s attach=3.14s mode=low-latency recommended=3.00s status=ready ok
soak t=465s pos=474.90s latency=3.31s edge=0.08s attach=3.23s mode=low-latency recommended=3.00s status=ready ok
soak t=470s pos=479.88s latency=3.31s edge=0.15s attach=3.16s mode=low-latency recommended=3.00s status=ready ok
soak t=475s pos=484.88s latency=3.31s edge=0.05s attach=3.25s mode=low-latency recommended=3.00s status=ready ok
soak t=480s pos=489.88s latency=3.31s edge=0.12s attach=3.19s mode=low-latency recommended=3.00s status=ready ok
soak t=485s pos=494.88s latency=3.31s edge=0.18s attach=3.13s mode=low-latency recommended=3.00s status=ready ok
soak t=490s pos=499.88s latency=3.31s edge=0.07s attach=3.23s mode=low-latency recommended=3.00s status=ready ok
soak t=495s pos=504.88s latency=3.31s edge=0.03s attach=3.28s mode=low-latency recommended=3.00s status=ready ok
soak t=500s pos=509.88s latency=3.31s edge=0.10s attach=3.21s mode=low-latency recommended=3.00s status=ready ok
soak t=505s pos=514.88s latency=3.31s edge=0.03s attach=3.28s mode=low-latency recommended=3.00s status=ready ok
soak t=510s pos=519.88s latency=3.31s edge=0.10s attach=3.20s mode=low-latency recommended=3.00s status=ready ok
soak t=515s pos=524.88s latency=3.31s edge=0.17s attach=3.13s mode=low-latency recommended=3.00s status=ready ok
soak t=520s pos=529.88s latency=3.31s edge=0.08s attach=3.23s mode=low-latency recommended=3.00s status=ready ok
soak t=525s pos=534.88s latency=3.31s edge=0.15s attach=3.16s mode=low-latency recommended=3.00s status=ready ok
soak t=530s pos=539.88s latency=3.31s edge=0.05s attach=3.25s mode=low-latency recommended=3.00s status=ready ok
soak t=535s pos=544.88s latency=3.31s edge=0.13s attach=3.18s mode=low-latency recommended=3.00s status=ready ok
soak t=540s pos=549.89s latency=3.31s edge=0.16s attach=3.15s mode=low-latency recommended=3.00s status=ready ok
soak t=545s pos=554.88s latency=3.31s edge=0.08s attach=3.22s mode=low-latency recommended=3.00s status=ready ok
soak t=550s pos=559.88s latency=3.31s edge=0.16s attach=3.15s mode=low-latency recommended=3.00s status=ready ok
soak t=555s pos=564.88s latency=3.31s edge=0.05s attach=3.26s mode=low-latency recommended=3.00s status=ready ok
soak t=560s pos=569.88s latency=3.31s edge=0.11s attach=3.19s mode=low-latency recommended=3.00s status=ready ok
soak t=565s pos=574.88s latency=3.31s edge=0.01s attach=3.29s mode=low-latency recommended=3.00s status=ready ok
soak t=570s pos=579.88s latency=3.31s edge=0.13s attach=3.17s mode=low-latency recommended=3.00s status=ready ok
soak t=575s pos=584.88s latency=3.31s edge=0.03s attach=3.27s mode=low-latency recommended=3.00s status=ready ok
soak t=580s pos=589.88s latency=3.31s edge=0.10s attach=3.20s mode=low-latency recommended=3.00s status=ready ok
soak t=585s pos=594.88s latency=3.31s edge=0.08s attach=3.22s mode=low-latency recommended=3.00s status=ready ok
soak t=590s pos=599.88s latency=3.31s edge=0.02s attach=3.29s mode=low-latency recommended=3.00s status=ready ok
soak t=595s pos=604.88s latency=3.31s edge=0.09s attach=3.22s mode=low-latency recommended=3.00s status=ready ok
soak t=600s pos=609.88s latency=3.31s edge=0.15s attach=3.16s mode=low-latency recommended=3.00s status=ready ok
SOAK PASS: 10min, 120 samples, mode low-latency (120/120 low-latency), median latency 3.31s = edge 0.09s + attach 3.21s, target 3.00s on attach, zero backward movement
soak end url=http://127.0.0.1:58417/live/party/index.m3u8 label=holdback-3.0 verdict=PASS
