soak begin url=http://127.0.0.1:58424/live/party/index.m3u8 label=holdback-5.0 target=3.000s minutes=10 print=5.0s position=0.25s build=soak-lab throwaway stack started=2026-09-11T02:49:14.753Z
soak legend latency=edge+attach edge=playlist staleness attach=distance the player chose from the live edge
soak t=005s pos=12.80s latency=5.38s edge=0.08s attach=5.30s mode=low-latency recommended=5.00s status=ready ok
soak t=010s pos=17.80s latency=5.38s edge=0.14s attach=5.24s mode=low-latency recommended=5.00s status=ready ok
soak t=015s pos=22.80s latency=5.38s edge=0.03s attach=5.35s mode=low-latency recommended=5.00s status=ready ok
soak t=020s pos=27.80s latency=5.38s edge=0.12s attach=5.26s mode=low-latency recommended=5.00s status=ready ok
soak t=025s pos=32.80s latency=5.38s edge=0.03s attach=5.35s mode=low-latency recommended=5.00s status=ready ok
soak t=030s pos=37.80s latency=5.38s edge=0.09s attach=5.28s mode=low-latency recommended=5.00s status=ready ok
soak t=035s pos=42.80s latency=5.38s edge=0.16s attach=5.21s mode=low-latency recommended=5.00s status=ready ok
soak t=040s pos=47.80s latency=5.38s edge=0.06s attach=5.32s mode=low-latency recommended=5.00s status=ready ok
soak t=045s pos=52.80s latency=5.38s edge=0.13s attach=5.25s mode=low-latency recommended=5.00s status=ready ok
soak t=050s pos=57.80s latency=5.38s edge=0.03s attach=5.35s mode=low-latency recommended=5.00s status=ready ok
soak t=055s pos=62.80s latency=5.38s edge=0.16s attach=5.22s mode=low-latency recommended=5.00s status=ready ok
soak t=060s pos=67.80s latency=5.38s edge=0.08s attach=5.30s mode=low-latency recommended=5.00s status=ready ok
soak t=065s pos=72.80s latency=5.38s edge=0.17s attach=5.20s mode=low-latency recommended=5.00s status=ready ok
soak t=070s pos=77.80s latency=5.38s edge=0.08s attach=5.30s mode=low-latency recommended=5.00s status=ready ok
soak t=075s pos=82.80s latency=5.38s edge=0.17s attach=5.21s mode=low-latency recommended=5.00s status=ready ok
soak t=080s pos=87.81s latency=5.38s edge=0.06s attach=5.32s mode=low-latency recommended=5.00s status=ready ok
soak t=085s pos=92.80s latency=5.38s edge=0.13s attach=5.25s mode=low-latency recommended=5.00s status=ready ok
soak t=090s pos=97.80s latency=5.38s edge=0.02s attach=5.35s mode=low-latency recommended=5.00s status=ready ok
soak t=095s pos=102.80s latency=5.38s edge=0.16s attach=5.22s mode=low-latency recommended=5.00s status=ready ok
soak t=100s pos=107.80s latency=5.38s edge=0.06s attach=5.32s mode=low-latency recommended=5.00s status=ready ok
soak t=105s pos=112.80s latency=5.38s edge=0.12s attach=5.25s mode=low-latency recommended=5.00s status=ready ok
soak t=110s pos=117.80s latency=5.38s edge=0.02s attach=5.35s mode=low-latency recommended=5.00s status=ready ok
soak t=115s pos=122.81s latency=5.38s edge=0.09s attach=5.29s mode=low-latency recommended=5.00s status=ready ok
soak t=120s pos=127.80s latency=5.38s edge=0.16s attach=5.22s mode=low-latency recommended=5.00s status=ready ok
soak t=125s pos=132.80s latency=5.38s edge=0.06s attach=5.32s mode=low-latency recommended=5.00s status=ready ok
soak t=130s pos=137.80s latency=5.38s edge=0.15s attach=5.23s mode=low-latency recommended=5.00s status=ready ok
soak t=135s pos=142.80s latency=5.38s edge=0.04s attach=5.34s mode=low-latency recommended=5.00s status=ready ok
soak t=140s pos=147.80s latency=5.38s edge=0.10s attach=5.27s mode=low-latency recommended=5.00s status=ready ok
soak t=145s pos=152.80s latency=5.38s edge=0.17s attach=5.21s mode=low-latency recommended=5.00s status=ready ok
soak t=150s pos=157.80s latency=5.38s edge=0.07s attach=5.31s mode=low-latency recommended=5.00s status=ready ok
soak t=155s pos=162.80s latency=5.38s edge=0.14s attach=5.24s mode=low-latency recommended=5.00s status=ready ok
soak t=160s pos=167.80s latency=5.38s edge=0.03s attach=5.35s mode=low-latency recommended=5.00s status=ready ok
soak t=165s pos=172.81s latency=5.38s edge=0.10s attach=5.28s mode=low-latency recommended=5.00s status=ready ok
soak t=170s pos=177.80s latency=5.38s edge=0.18s attach=5.20s mode=low-latency recommended=5.00s status=ready ok
soak t=175s pos=182.80s latency=5.38s edge=0.08s attach=5.30s mode=low-latency recommended=5.00s status=ready ok
soak t=180s pos=187.80s latency=5.38s edge=0.16s attach=5.22s mode=low-latency recommended=5.00s status=ready ok
soak t=185s pos=192.80s latency=5.38s edge=0.05s attach=5.33s mode=low-latency recommended=5.00s status=ready ok
soak t=190s pos=197.80s latency=5.38s edge=0.12s attach=5.26s mode=low-latency recommended=5.00s status=ready ok
soak t=195s pos=202.80s latency=5.38s edge=0.01s attach=5.36s mode=low-latency recommended=5.00s status=ready ok
soak t=200s pos=207.80s latency=5.38s edge=0.09s attach=5.28s mode=low-latency recommended=5.00s status=ready ok
soak t=205s pos=212.80s latency=5.38s edge=0.02s attach=5.36s mode=low-latency recommended=5.00s status=ready ok
soak t=210s pos=217.81s latency=5.38s edge=0.09s attach=5.29s mode=low-latency recommended=5.00s status=ready ok
soak t=215s pos=222.81s latency=5.38s edge=0.16s attach=5.22s mode=low-latency recommended=5.00s status=ready ok
soak t=220s pos=227.80s latency=5.38s edge=0.05s attach=5.32s mode=low-latency recommended=5.00s status=ready ok
soak t=225s pos=232.80s latency=5.38s edge=0.19s attach=5.19s mode=low-latency recommended=5.00s status=ready ok
soak t=230s pos=237.80s latency=5.38s edge=0.12s attach=5.26s mode=low-latency recommended=5.00s status=ready ok
soak t=235s pos=242.80s latency=5.38s edge=0.02s attach=5.36s mode=low-latency recommended=5.00s status=ready ok
soak t=240s pos=247.80s latency=5.38s edge=0.08s attach=5.29s mode=low-latency recommended=5.00s status=ready ok
soak t=245s pos=252.80s latency=5.38s edge=0.15s attach=5.22s mode=low-latency recommended=5.00s status=ready ok
soak t=250s pos=257.81s latency=5.38s edge=0.06s attach=5.32s mode=low-latency recommended=5.00s status=ready ok
soak t=255s pos=262.81s latency=5.38s edge=0.15s attach=5.23s mode=low-latency recommended=5.00s status=ready ok
soak t=260s pos=267.81s latency=5.38s edge=0.06s attach=5.32s mode=low-latency recommended=5.00s status=ready ok
soak t=265s pos=272.81s latency=5.38s edge=0.13s attach=5.25s mode=low-latency recommended=5.00s status=ready ok
soak t=270s pos=277.81s latency=5.38s edge=0.03s attach=5.34s mode=low-latency recommended=5.00s status=ready ok
soak t=275s pos=282.81s latency=5.38s edge=0.10s attach=5.28s mode=low-latency recommended=5.00s status=ready ok
soak t=280s pos=287.81s latency=5.38s edge=0.16s attach=5.22s mode=low-latency recommended=5.00s status=ready ok
soak t=285s pos=292.81s latency=5.38s edge=0.08s attach=5.30s mode=low-latency recommended=5.00s status=ready ok
soak t=290s pos=297.81s latency=5.38s edge=0.14s attach=5.24s mode=low-latency recommended=5.00s status=ready ok
soak t=295s pos=302.81s latency=5.38s edge=0.04s attach=5.34s mode=low-latency recommended=5.00s status=ready ok
soak t=300s pos=307.81s latency=5.38s edge=0.10s attach=5.28s mode=low-latency recommended=5.00s status=ready ok
soak t=305s pos=312.81s latency=5.38s edge=0.02s attach=5.35s mode=low-latency recommended=5.00s status=ready ok
soak t=310s pos=317.81s latency=5.38s edge=0.09s attach=5.29s mode=low-latency recommended=5.00s status=ready ok
soak t=315s pos=322.81s latency=5.38s edge=0.15s attach=5.23s mode=low-latency recommended=5.00s status=ready ok
soak t=320s pos=327.81s latency=5.38s edge=0.04s attach=5.33s mode=low-latency recommended=5.00s status=ready ok
soak t=325s pos=332.81s latency=5.38s edge=0.15s attach=5.23s mode=low-latency recommended=5.00s status=ready ok
soak t=330s pos=337.81s latency=5.38s edge=0.05s attach=5.33s mode=low-latency recommended=5.00s status=ready ok
soak t=335s pos=342.81s latency=5.38s edge=0.11s attach=5.26s mode=low-latency recommended=5.00s status=ready ok
soak t=340s pos=347.81s latency=5.38s edge=0.02s attach=5.35s mode=low-latency recommended=5.00s status=ready ok
soak t=345s pos=352.81s latency=5.38s edge=0.11s attach=5.26s mode=low-latency recommended=5.00s status=ready ok
soak t=350s pos=357.81s latency=5.38s edge=0.02s attach=5.35s mode=low-latency recommended=5.00s status=ready ok
soak t=355s pos=362.81s latency=5.38s edge=0.11s attach=5.27s mode=low-latency recommended=5.00s status=ready ok
soak t=360s pos=367.81s latency=5.38s edge=0.18s attach=5.20s mode=low-latency recommended=5.00s status=ready ok
soak t=365s pos=372.81s latency=5.38s edge=0.15s attach=5.23s mode=low-latency recommended=5.00s status=ready ok
soak t=370s pos=377.81s latency=5.38s edge=0.07s attach=5.30s mode=low-latency recommended=5.00s status=ready ok
soak t=375s pos=382.81s latency=5.38s edge=0.15s attach=5.23s mode=low-latency recommended=5.00s status=ready ok
soak t=380s pos=387.81s latency=5.38s edge=0.05s attach=5.32s mode=low-latency recommended=5.00s status=ready ok
soak t=385s pos=392.81s latency=5.38s edge=0.13s attach=5.25s mode=low-latency recommended=5.00s status=ready ok
soak t=390s pos=397.81s latency=5.38s edge=0.06s attach=5.32s mode=low-latency recommended=5.00s status=ready ok
soak t=395s pos=402.81s latency=5.38s edge=0.12s attach=5.25s mode=low-latency recommended=5.00s status=ready ok
soak t=400s pos=407.81s latency=5.38s edge=0.07s attach=5.31s mode=low-latency recommended=5.00s status=ready ok
soak t=405s pos=412.81s latency=5.38s edge=0.20s attach=5.17s mode=low-latency recommended=5.00s status=ready ok
soak t=410s pos=417.81s latency=5.38s edge=0.11s attach=5.26s mode=low-latency recommended=5.00s status=ready ok
soak t=415s pos=422.83s latency=5.38s edge=0.02s attach=5.36s mode=low-latency recommended=5.00s status=ready ok
soak t=420s pos=427.81s latency=5.38s edge=0.11s attach=5.26s mode=low-latency recommended=5.00s status=ready ok
soak t=425s pos=432.82s latency=5.38s edge=0.02s attach=5.35s mode=low-latency recommended=5.00s status=ready ok
soak t=430s pos=437.81s latency=5.38s edge=0.11s attach=5.27s mode=low-latency recommended=5.00s status=ready ok
soak t=435s pos=442.81s latency=5.38s edge=0.01s attach=5.37s mode=low-latency recommended=5.00s status=ready ok
soak t=440s pos=447.81s latency=5.38s edge=0.09s attach=5.29s mode=low-latency recommended=5.00s status=ready ok
soak t=445s pos=452.81s latency=5.38s edge=0.16s attach=5.22s mode=low-latency recommended=5.00s status=ready ok
soak t=450s pos=457.81s latency=5.38s edge=0.05s attach=5.32s mode=low-latency recommended=5.00s status=ready ok
soak t=455s pos=462.81s latency=5.38s edge=0.15s attach=5.22s mode=low-latency recommended=5.00s status=ready ok
soak t=460s pos=467.81s latency=5.38s edge=0.08s attach=5.29s mode=low-latency recommended=5.00s status=ready ok
soak t=465s pos=472.82s latency=5.38s edge=0.16s attach=5.22s mode=low-latency recommended=5.00s status=ready ok
soak t=470s pos=477.81s latency=5.38s edge=0.06s attach=5.32s mode=low-latency recommended=5.00s status=ready ok
soak t=475s pos=482.81s latency=5.38s edge=0.13s attach=5.25s mode=low-latency recommended=5.00s status=ready ok
soak t=480s pos=487.81s latency=5.38s edge=0.04s attach=5.34s mode=low-latency recommended=5.00s status=ready ok
soak t=485s pos=492.81s latency=5.38s edge=0.11s attach=5.27s mode=low-latency recommended=5.00s status=ready ok
soak t=490s pos=497.81s latency=5.38s edge=0.17s attach=5.20s mode=low-latency recommended=5.00s status=ready ok
soak t=495s pos=502.81s latency=5.38s edge=0.08s attach=5.30s mode=low-latency recommended=5.00s status=ready ok
soak t=500s pos=507.81s latency=5.38s edge=0.04s attach=5.33s mode=low-latency recommended=5.00s status=ready ok
soak t=505s pos=512.81s latency=5.38s edge=0.12s attach=5.26s mode=low-latency recommended=5.00s status=ready ok
soak t=510s pos=517.81s latency=5.38s edge=0.01s attach=5.36s mode=low-latency recommended=5.00s status=ready ok
soak t=515s pos=522.81s latency=5.38s edge=0.08s attach=5.30s mode=low-latency recommended=5.00s status=ready ok
soak t=520s pos=527.81s latency=5.38s edge=0.15s attach=5.23s mode=low-latency recommended=5.00s status=ready ok
soak t=525s pos=532.81s latency=5.38s edge=0.04s attach=5.34s mode=low-latency recommended=5.00s status=ready ok
soak t=530s pos=537.81s latency=5.38s edge=0.12s attach=5.26s mode=low-latency recommended=5.00s status=ready ok
soak t=535s pos=542.81s latency=5.38s edge=0.03s attach=5.35s mode=low-latency recommended=5.00s status=ready ok
soak t=540s pos=547.81s latency=5.38s edge=0.10s attach=5.28s mode=low-latency recommended=5.00s status=ready ok
soak t=545s pos=552.81s latency=5.38s edge=0.17s attach=5.21s mode=low-latency recommended=5.00s status=ready ok
soak t=550s pos=557.81s latency=5.38s edge=0.10s attach=5.28s mode=low-latency recommended=5.00s status=ready ok
soak t=555s pos=562.81s latency=5.38s edge=0.16s attach=5.21s mode=low-latency recommended=5.00s status=ready ok
soak t=560s pos=567.81s latency=5.38s edge=0.06s attach=5.32s mode=low-latency recommended=5.00s status=ready ok
soak t=565s pos=572.81s latency=5.38s edge=0.15s attach=5.23s mode=low-latency recommended=5.00s status=ready ok
soak t=570s pos=577.81s latency=5.38s edge=0.05s attach=5.33s mode=low-latency recommended=5.00s status=ready ok
soak t=575s pos=582.81s latency=5.38s edge=0.12s attach=5.26s mode=low-latency recommended=5.00s status=ready ok
soak t=580s pos=587.81s latency=5.38s edge=0.03s attach=5.35s mode=low-latency recommended=5.00s status=ready ok
soak t=585s pos=592.81s latency=5.38s edge=0.10s attach=5.28s mode=low-latency recommended=5.00s status=ready ok
soak t=590s pos=597.81s latency=5.38s edge=0.01s attach=5.36s mode=low-latency recommended=5.00s status=ready ok
soak t=595s pos=602.81s latency=5.38s edge=0.08s attach=5.29s mode=low-latency recommended=5.00s status=ready ok
soak t=600s pos=607.81s latency=5.38s edge=0.16s attach=5.22s mode=low-latency recommended=5.00s status=ready ok
SOAK FAIL: median attachment 5.28s is not the declared target 3.00s
soak end url=http://127.0.0.1:58424/live/party/index.m3u8 label=holdback-5.0 verdict=FAIL summary=10min, 120 samples, mode low-latency (120/120 low-latency), median latency 5.38s = edge 0.10s + attach 5.28s, target 3.00s on attach
