soak begin url=http://127.0.0.1:58409/live/party/index.m3u8 label=holdback-1.5 target=3.000s minutes=10 print=5.0s position=0.25s build=soak-lab throwaway stack started=2026-09-11T02:49:14.753Z
soak legend latency=edge+attach edge=playlist staleness attach=distance the player chose from the live edge
soak t=005s pos=0.00s latency=-1.00s edge=0.07s attach=-1.00s mode=ordinary-live recommended=-1.00s status=FAILED(Playback Stopped) ok
soak t=010s pos=0.00s latency=-1.00s edge=0.14s attach=-1.00s mode=ordinary-live recommended=-1.00s status=FAILED(Playback Stopped) ok
soak t=015s pos=0.00s latency=-1.00s edge=0.03s attach=-1.00s mode=ordinary-live recommended=-1.00s status=FAILED(Playback Stopped) ok
soak t=020s pos=0.00s latency=-1.00s edge=0.12s attach=-1.00s mode=ordinary-live recommended=-1.00s status=FAILED(Playback Stopped) ok
soak t=025s pos=0.00s latency=-1.00s edge=0.03s attach=-1.00s mode=ordinary-live recommended=-1.00s status=FAILED(Playback Stopped) ok
soak t=030s pos=0.00s latency=-1.00s edge=0.09s attach=-1.00s mode=ordinary-live recommended=-1.00s status=FAILED(Playback Stopped) ok
soak t=035s pos=0.00s latency=-1.00s edge=0.17s attach=-1.00s mode=ordinary-live recommended=-1.00s status=FAILED(Playback Stopped) ok
soak t=040s pos=0.00s latency=-1.00s edge=0.07s attach=-1.00s mode=ordinary-live recommended=-1.00s status=FAILED(Playback Stopped) ok
soak t=045s pos=0.00s latency=-1.00s edge=0.13s attach=-1.00s mode=ordinary-live recommended=-1.00s status=FAILED(Playback Stopped) ok
soak t=050s pos=0.00s latency=-1.00s edge=0.03s attach=-1.00s mode=ordinary-live recommended=-1.00s status=FAILED(Playback Stopped) ok
soak t=055s pos=0.00s latency=-1.00s edge=0.16s attach=-1.00s mode=ordinary-live recommended=-1.00s status=FAILED(Playback Stopped) ok
soak t=060s pos=0.00s latency=-1.00s edge=0.08s attach=-1.00s mode=ordinary-live recommended=-1.00s status=FAILED(Playback Stopped) ok
soak t=065s pos=0.00s latency=-1.00s edge=0.18s attach=-1.00s mode=ordinary-live recommended=-1.00s status=FAILED(Playback Stopped) ok
soak t=070s pos=0.00s latency=-1.00s edge=0.08s attach=-1.00s mode=ordinary-live recommended=-1.00s status=FAILED(Playback Stopped) ok
soak t=075s pos=0.00s latency=-1.00s edge=0.02s attach=-1.00s mode=ordinary-live recommended=-1.00s status=FAILED(Playback Stopped) ok
soak t=080s pos=0.00s latency=-1.00s edge=0.12s attach=-1.00s mode=ordinary-live recommended=-1.00s status=FAILED(Playback Stopped) ok
soak t=085s pos=0.00s latency=-1.00s edge=0.02s attach=-1.00s mode=ordinary-live recommended=-1.00s status=FAILED(Playback Stopped) ok
soak t=090s pos=0.00s latency=-1.00s edge=0.11s attach=-1.00s mode=ordinary-live recommended=-1.00s status=FAILED(Playback Stopped) ok
soak t=095s pos=0.00s latency=-1.00s edge=0.03s attach=-1.00s mode=ordinary-live recommended=-1.00s status=FAILED(Playback Stopped) ok
soak t=100s pos=0.00s latency=-1.00s edge=0.10s attach=-1.00s mode=ordinary-live recommended=-1.00s status=FAILED(Playback Stopped) ok
soak t=105s pos=0.00s latency=-1.00s edge=0.16s attach=-1.00s mode=ordinary-live recommended=-1.00s status=FAILED(Playback Stopped) ok
soak t=110s pos=0.00s latency=-1.00s edge=0.06s attach=-1.00s mode=ordinary-live recommended=-1.00s status=FAILED(Playback Stopped) ok
soak t=115s pos=0.00s latency=-1.00s edge=0.14s attach=-1.00s mode=ordinary-live recommended=-1.00s status=FAILED(Playback Stopped) ok
soak t=120s pos=0.00s latency=-1.00s edge=0.03s attach=-1.00s mode=ordinary-live recommended=-1.00s status=FAILED(Playback Stopped) ok
soak t=125s pos=0.00s latency=-1.00s edge=0.10s attach=-1.00s mode=ordinary-live recommended=-1.00s status=FAILED(Playback Stopped) ok
soak t=130s pos=0.00s latency=-1.00s edge=0.03s attach=-1.00s mode=ordinary-live recommended=-1.00s status=FAILED(Playback Stopped) ok
soak t=135s pos=0.00s latency=-1.00s edge=0.10s attach=-1.00s mode=ordinary-live recommended=-1.00s status=FAILED(Playback Stopped) ok
soak t=140s pos=0.00s latency=-1.00s edge=0.03s attach=-1.00s mode=ordinary-live recommended=-1.00s status=FAILED(Playback Stopped) ok
soak t=145s pos=0.00s latency=-1.00s edge=0.11s attach=-1.00s mode=ordinary-live recommended=-1.00s status=FAILED(Playback Stopped) ok
soak t=150s pos=0.00s latency=-1.00s edge=0.17s attach=-1.00s mode=ordinary-live recommended=-1.00s status=FAILED(Playback Stopped) ok
soak t=155s pos=0.00s latency=-1.00s edge=0.08s attach=-1.00s mode=ordinary-live recommended=-1.00s status=FAILED(Playback Stopped) ok
soak t=160s pos=0.00s latency=-1.00s edge=0.15s attach=-1.00s mode=ordinary-live recommended=-1.00s status=FAILED(Playback Stopped) ok
soak t=165s pos=0.00s latency=-1.00s edge=0.04s attach=-1.00s mode=ordinary-live recommended=-1.00s status=FAILED(Playback Stopped) ok
soak t=170s pos=0.00s latency=-1.00s edge=0.12s attach=-1.00s mode=ordinary-live recommended=-1.00s status=FAILED(Playback Stopped) ok
soak t=175s pos=0.00s latency=-1.00s edge=0.03s attach=-1.00s mode=ordinary-live recommended=-1.00s status=FAILED(Playback Stopped) ok
soak t=180s pos=0.00s latency=-1.00s edge=0.11s attach=-1.00s mode=ordinary-live recommended=-1.00s status=FAILED(Playback Stopped) ok
soak t=185s pos=0.00s latency=-1.00s edge=0.02s attach=-1.00s mode=ordinary-live recommended=-1.00s status=FAILED(Playback Stopped) ok
soak t=190s pos=0.00s latency=-1.00s edge=0.12s attach=-1.00s mode=ordinary-live recommended=-1.00s status=FAILED(Playback Stopped) ok
soak t=195s pos=0.00s latency=-1.00s edge=0.02s attach=-1.00s mode=ordinary-live recommended=-1.00s status=FAILED(Playback Stopped) ok
soak t=200s pos=0.00s latency=-1.00s edge=0.10s attach=-1.00s mode=ordinary-live recommended=-1.00s status=FAILED(Playback Stopped) ok
soak t=205s pos=0.00s latency=-1.00s edge=0.17s attach=-1.00s mode=ordinary-live recommended=-1.00s status=FAILED(Playback Stopped) ok
soak t=210s pos=0.00s latency=-1.00s edge=0.10s attach=-1.00s mode=ordinary-live recommended=-1.00s status=FAILED(Playback Stopped) ok
soak t=215s pos=0.00s latency=-1.00s edge=0.02s attach=-1.00s mode=ordinary-live recommended=-1.00s status=FAILED(Playback Stopped) ok
soak t=220s pos=0.00s latency=-1.00s edge=0.09s attach=-1.00s mode=ordinary-live recommended=-1.00s status=FAILED(Playback Stopped) ok
soak t=225s pos=0.00s latency=-1.00s edge=0.17s attach=-1.00s mode=ordinary-live recommended=-1.00s status=FAILED(Playback Stopped) ok
soak t=230s pos=0.00s latency=-1.00s edge=0.08s attach=-1.00s mode=ordinary-live recommended=-1.00s status=FAILED(Playback Stopped) ok
soak t=235s pos=0.00s latency=-1.00s edge=0.16s attach=-1.00s mode=ordinary-live recommended=-1.00s status=FAILED(Playback Stopped) ok
soak t=240s pos=0.00s latency=-1.00s edge=0.07s attach=-1.00s mode=ordinary-live recommended=-1.00s status=FAILED(Playback Stopped) ok
soak t=245s pos=0.00s latency=-1.00s edge=0.14s attach=-1.00s mode=ordinary-live recommended=-1.00s status=FAILED(Playback Stopped) ok
soak t=250s pos=0.00s latency=-1.00s edge=0.04s attach=-1.00s mode=ordinary-live recommended=-1.00s status=FAILED(Playback Stopped) ok
soak t=255s pos=0.00s latency=-1.00s edge=0.11s attach=-1.00s mode=ordinary-live recommended=-1.00s status=FAILED(Playback Stopped) ok
soak t=260s pos=0.00s latency=-1.00s edge=0.01s attach=-1.00s mode=ordinary-live recommended=-1.00s status=FAILED(Playback Stopped) ok
soak t=265s pos=0.00s latency=-1.00s edge=0.09s attach=-1.00s mode=ordinary-live recommended=-1.00s status=FAILED(Playback Stopped) ok
soak t=270s pos=0.00s latency=-1.00s edge=0.16s attach=-1.00s mode=ordinary-live recommended=-1.00s status=FAILED(Playback Stopped) ok
soak t=275s pos=0.00s latency=-1.00s edge=0.06s attach=-1.00s mode=ordinary-live recommended=-1.00s status=FAILED(Playback Stopped) ok
soak t=280s pos=0.00s latency=-1.00s edge=0.13s attach=-1.00s mode=ordinary-live recommended=-1.00s status=FAILED(Playback Stopped) ok
soak t=285s pos=0.00s latency=-1.00s edge=0.05s attach=-1.00s mode=ordinary-live recommended=-1.00s status=FAILED(Playback Stopped) ok
soak t=290s pos=0.00s latency=-1.00s edge=0.12s attach=-1.00s mode=ordinary-live recommended=-1.00s status=FAILED(Playback Stopped) ok
soak t=295s pos=0.00s latency=-1.00s edge=0.02s attach=-1.00s mode=ordinary-live recommended=-1.00s status=FAILED(Playback Stopped) ok
soak t=300s pos=0.00s latency=-1.00s edge=0.10s attach=-1.00s mode=ordinary-live recommended=-1.00s status=FAILED(Playback Stopped) ok
soak t=305s pos=0.00s latency=-1.00s edge=0.17s attach=-1.00s mode=ordinary-live recommended=-1.00s status=FAILED(Playback Stopped) ok
soak t=310s pos=0.00s latency=-1.00s edge=0.07s attach=-1.00s mode=ordinary-live recommended=-1.00s status=FAILED(Playback Stopped) ok
soak t=315s pos=0.00s latency=-1.00s edge=0.14s attach=-1.00s mode=ordinary-live recommended=-1.00s status=FAILED(Playback Stopped) ok
soak t=320s pos=0.00s latency=-1.00s edge=0.05s attach=-1.00s mode=ordinary-live recommended=-1.00s status=FAILED(Playback Stopped) ok
soak t=325s pos=0.00s latency=-1.00s edge=0.13s attach=-1.00s mode=ordinary-live recommended=-1.00s status=FAILED(Playback Stopped) ok
soak t=330s pos=0.00s latency=-1.00s edge=0.03s attach=-1.00s mode=ordinary-live recommended=-1.00s status=FAILED(Playback Stopped) ok
soak t=335s pos=0.00s latency=-1.00s edge=0.10s attach=-1.00s mode=ordinary-live recommended=-1.00s status=FAILED(Playback Stopped) ok
soak t=340s pos=0.00s latency=-1.00s edge=0.03s attach=-1.00s mode=ordinary-live recommended=-1.00s status=FAILED(Playback Stopped) ok
soak t=345s pos=0.00s latency=-1.00s edge=0.13s attach=-1.00s mode=ordinary-live recommended=-1.00s status=FAILED(Playback Stopped) ok
soak t=350s pos=0.00s latency=-1.00s edge=0.03s attach=-1.00s mode=ordinary-live recommended=-1.00s status=FAILED(Playback Stopped) ok
soak t=355s pos=0.00s latency=-1.00s edge=0.13s attach=-1.00s mode=ordinary-live recommended=-1.00s status=FAILED(Playback Stopped) ok
soak t=360s pos=0.00s latency=-1.00s edge=0.06s attach=-1.00s mode=ordinary-live recommended=-1.00s status=FAILED(Playback Stopped) ok
soak t=365s pos=0.00s latency=-1.00s edge=0.15s attach=-1.00s mode=ordinary-live recommended=-1.00s status=FAILED(Playback Stopped) ok
soak t=370s pos=0.00s latency=-1.00s edge=0.04s attach=-1.00s mode=ordinary-live recommended=-1.00s status=FAILED(Playback Stopped) ok
soak t=375s pos=0.00s latency=-1.00s edge=0.10s attach=-1.00s mode=ordinary-live recommended=-1.00s status=FAILED(Playback Stopped) ok
soak t=380s pos=0.00s latency=-1.00s edge=0.17s attach=-1.00s mode=ordinary-live recommended=-1.00s status=FAILED(Playback Stopped) ok
soak t=385s pos=0.00s latency=-1.00s edge=0.09s attach=-1.00s mode=ordinary-live recommended=-1.00s status=FAILED(Playback Stopped) ok
soak t=390s pos=0.00s latency=-1.00s edge=0.18s attach=-1.00s mode=ordinary-live recommended=-1.00s status=FAILED(Playback Stopped) ok
soak t=395s pos=0.00s latency=-1.00s edge=0.07s attach=-1.00s mode=ordinary-live recommended=-1.00s status=FAILED(Playback Stopped) ok
soak t=400s pos=0.00s latency=-1.00s edge=0.15s attach=-1.00s mode=ordinary-live recommended=-1.00s status=FAILED(Playback Stopped) ok
soak t=405s pos=0.00s latency=-1.00s edge=0.08s attach=-1.00s mode=ordinary-live recommended=-1.00s status=FAILED(Playback Stopped) ok
soak t=410s pos=0.00s latency=-1.00s edge=0.16s attach=-1.00s mode=ordinary-live recommended=-1.00s status=FAILED(Playback Stopped) ok
soak t=415s pos=0.00s latency=-1.00s edge=0.13s attach=-1.00s mode=ordinary-live recommended=-1.00s status=FAILED(Playback Stopped) ok
soak t=420s pos=0.00s latency=-1.00s edge=0.08s attach=-1.00s mode=ordinary-live recommended=-1.00s status=FAILED(Playback Stopped) ok
soak t=425s pos=0.00s latency=-1.00s edge=0.20s attach=-1.00s mode=ordinary-live recommended=-1.00s status=FAILED(Playback Stopped) ok
soak t=430s pos=0.00s latency=-1.00s edge=0.10s attach=-1.00s mode=ordinary-live recommended=-1.00s status=FAILED(Playback Stopped) ok
soak t=435s pos=0.00s latency=-1.00s edge=0.02s attach=-1.00s mode=ordinary-live recommended=-1.00s status=FAILED(Playback Stopped) ok
soak t=440s pos=0.00s latency=-1.00s edge=0.10s attach=-1.00s mode=ordinary-live recommended=-1.00s status=FAILED(Playback Stopped) ok
soak t=445s pos=0.00s latency=-1.00s edge=0.19s attach=-1.00s mode=ordinary-live recommended=-1.00s status=FAILED(Playback Stopped) ok
soak t=450s pos=0.00s latency=-1.00s edge=0.10s attach=-1.00s mode=ordinary-live recommended=-1.00s status=FAILED(Playback Stopped) ok
soak t=455s pos=0.00s latency=-1.00s edge=0.01s attach=-1.00s mode=ordinary-live recommended=-1.00s status=FAILED(Playback Stopped) ok
soak t=460s pos=0.00s latency=-1.00s edge=0.09s attach=-1.00s mode=ordinary-live recommended=-1.00s status=FAILED(Playback Stopped) ok
soak t=465s pos=0.00s latency=-1.00s edge=0.04s attach=-1.00s mode=ordinary-live recommended=-1.00s status=FAILED(Playback Stopped) ok
soak t=470s pos=0.00s latency=-1.00s edge=0.04s attach=-1.00s mode=ordinary-live recommended=-1.00s status=FAILED(Playback Stopped) ok
soak t=475s pos=0.00s latency=-1.00s edge=0.11s attach=-1.00s mode=ordinary-live recommended=-1.00s status=FAILED(Playback Stopped) ok
soak t=480s pos=0.00s latency=-1.00s edge=0.19s attach=-1.00s mode=ordinary-live recommended=-1.00s status=FAILED(Playback Stopped) ok
soak t=485s pos=0.00s latency=-1.00s edge=0.10s attach=-1.00s mode=ordinary-live recommended=-1.00s status=FAILED(Playback Stopped) ok
soak t=490s pos=0.00s latency=-1.00s edge=0.01s attach=-1.00s mode=ordinary-live recommended=-1.00s status=FAILED(Playback Stopped) ok
soak t=495s pos=0.00s latency=-1.00s edge=0.09s attach=-1.00s mode=ordinary-live recommended=-1.00s status=FAILED(Playback Stopped) ok
soak t=500s pos=0.00s latency=-1.00s edge=0.15s attach=-1.00s mode=ordinary-live recommended=-1.00s status=FAILED(Playback Stopped) ok
soak t=505s pos=0.00s latency=-1.00s edge=0.05s attach=-1.00s mode=ordinary-live recommended=-1.00s status=FAILED(Playback Stopped) ok
soak t=510s pos=0.00s latency=-1.00s edge=0.15s attach=-1.00s mode=ordinary-live recommended=-1.00s status=FAILED(Playback Stopped) ok
soak t=515s pos=0.00s latency=-1.00s edge=0.05s attach=-1.00s mode=ordinary-live recommended=-1.00s status=FAILED(Playback Stopped) ok
soak t=520s pos=0.00s latency=-1.00s edge=0.12s attach=-1.00s mode=ordinary-live recommended=-1.00s status=FAILED(Playback Stopped) ok
soak t=525s pos=0.00s latency=-1.00s edge=0.06s attach=-1.00s mode=ordinary-live recommended=-1.00s status=FAILED(Playback Stopped) ok
soak t=530s pos=0.00s latency=-1.00s edge=0.15s attach=-1.00s mode=ordinary-live recommended=-1.00s status=FAILED(Playback Stopped) ok
soak t=535s pos=0.00s latency=-1.00s edge=0.04s attach=-1.00s mode=ordinary-live recommended=-1.00s status=FAILED(Playback Stopped) ok
soak t=540s pos=0.00s latency=-1.00s edge=0.11s attach=-1.00s mode=ordinary-live recommended=-1.00s status=FAILED(Playback Stopped) ok
soak t=545s pos=0.00s latency=-1.00s edge=0.03s attach=-1.00s mode=ordinary-live recommended=-1.00s status=FAILED(Playback Stopped) ok
soak t=550s pos=0.00s latency=-1.00s edge=0.09s attach=-1.00s mode=ordinary-live recommended=-1.00s status=FAILED(Playback Stopped) ok
soak t=555s pos=0.00s latency=-1.00s edge=0.17s attach=-1.00s mode=ordinary-live recommended=-1.00s status=FAILED(Playback Stopped) ok
soak t=560s pos=0.00s latency=-1.00s edge=0.07s attach=-1.00s mode=ordinary-live recommended=-1.00s status=FAILED(Playback Stopped) ok
soak t=565s pos=0.00s latency=-1.00s edge=0.15s attach=-1.00s mode=ordinary-live recommended=-1.00s status=FAILED(Playback Stopped) ok
soak t=570s pos=0.00s latency=-1.00s edge=0.05s attach=-1.00s mode=ordinary-live recommended=-1.00s status=FAILED(Playback Stopped) ok
soak t=575s pos=0.00s latency=-1.00s edge=0.12s attach=-1.00s mode=ordinary-live recommended=-1.00s status=FAILED(Playback Stopped) ok
soak t=580s pos=0.00s latency=-1.00s edge=0.02s attach=-1.00s mode=ordinary-live recommended=-1.00s status=FAILED(Playback Stopped) ok
soak t=585s pos=0.00s latency=-1.00s edge=0.10s attach=-1.00s mode=ordinary-live recommended=-1.00s status=FAILED(Playback Stopped) ok
soak t=590s pos=0.00s latency=-1.00s edge=0.16s attach=-1.00s mode=ordinary-live recommended=-1.00s status=FAILED(Playback Stopped) ok
soak t=595s pos=0.00s latency=-1.00s edge=0.06s attach=-1.00s mode=ordinary-live recommended=-1.00s status=FAILED(Playback Stopped) ok
soak t=600s pos=0.00s latency=-1.00s edge=0.13s attach=-1.00s mode=ordinary-live recommended=-1.00s status=FAILED(Playback Stopped) ok
SOAK FAIL: player reported failure on 120 sample(s); only 0/120 samples were ready to play; playback position never advanced (attached but silent?); no live-edge measurement was ever available; attachment position was never measurable (0 failed edge probes): this run says nothing about the schedule
soak end url=http://127.0.0.1:58409/live/party/index.m3u8 label=holdback-1.5 verdict=FAIL summary=10min, 120 samples, mode ordinary-live (0/120 low-latency), median latency n/a = edge 0.10s + attach n/a, target 3.00s on attach
