soak begin url=http://127.0.0.1:58322/r/lab/stream.m3u8 label=relay target=3.000s minutes=10 print=5.0s position=0.25s build=soak-lab throwaway stack started=2026-09-11T02:49:14.753Z
soak legend latency=edge+attach edge=playlist staleness attach=distance the player chose from the live edge
soak t=005s pos=14.85s latency=3.08s edge=0.29s attach=2.79s mode=low-latency recommended=3.00s status=ready ok
soak t=010s pos=19.85s latency=3.08s edge=0.18s attach=2.90s mode=low-latency recommended=3.00s status=ready ok
soak t=015s pos=24.85s latency=3.08s edge=0.25s attach=2.84s mode=low-latency recommended=3.00s status=ready ok
soak t=020s pos=29.85s latency=3.08s edge=0.33s attach=2.76s mode=low-latency recommended=3.00s status=ready ok
soak t=025s pos=34.86s latency=3.08s edge=0.23s attach=2.85s mode=low-latency recommended=3.00s status=ready ok
soak t=030s pos=39.85s latency=3.08s edge=0.30s attach=2.79s mode=low-latency recommended=3.00s status=ready ok
soak t=035s pos=44.85s latency=3.08s edge=0.18s attach=2.90s mode=low-latency recommended=3.00s status=ready ok
soak t=040s pos=49.85s latency=3.08s edge=0.25s attach=2.83s mode=low-latency recommended=3.00s status=ready ok
soak t=045s pos=54.85s latency=3.08s edge=0.32s attach=2.76s mode=low-latency recommended=3.00s status=ready ok
soak t=050s pos=59.85s latency=3.08s edge=0.23s attach=2.85s mode=low-latency recommended=3.00s status=ready ok
soak t=055s pos=64.85s latency=3.08s edge=0.30s attach=2.79s mode=low-latency recommended=3.00s status=ready ok
soak t=060s pos=69.85s latency=3.08s edge=0.40s attach=2.69s mode=low-latency recommended=3.00s status=ready ok
soak t=065s pos=74.85s latency=3.08s edge=0.29s attach=2.80s mode=low-latency recommended=3.00s status=ready ok
soak t=070s pos=79.85s latency=3.08s edge=0.36s attach=2.72s mode=low-latency recommended=3.00s status=ready ok
soak t=075s pos=84.85s latency=3.08s edge=0.25s attach=2.83s mode=low-latency recommended=3.00s status=ready ok
soak t=080s pos=89.85s latency=3.08s edge=0.32s attach=2.76s mode=low-latency recommended=3.00s status=ready ok
soak t=085s pos=94.85s latency=3.08s edge=0.21s attach=2.87s mode=low-latency recommended=3.00s status=ready ok
soak t=090s pos=99.85s latency=3.08s edge=0.29s attach=2.80s mode=low-latency recommended=3.00s status=ready ok
soak t=095s pos=104.85s latency=3.08s edge=0.23s attach=2.86s mode=low-latency recommended=3.00s status=ready ok
soak t=100s pos=109.85s latency=3.08s edge=0.30s attach=2.79s mode=low-latency recommended=3.00s status=ready ok
soak t=105s pos=114.85s latency=3.08s edge=0.20s attach=2.89s mode=low-latency recommended=3.00s status=ready ok
soak t=110s pos=119.85s latency=3.08s edge=0.27s attach=2.82s mode=low-latency recommended=3.00s status=ready ok
soak t=115s pos=124.85s latency=3.08s edge=0.34s attach=2.74s mode=low-latency recommended=3.00s status=ready ok
soak t=120s pos=129.85s latency=3.08s edge=0.24s attach=2.85s mode=low-latency recommended=3.00s status=ready ok
soak t=125s pos=134.85s latency=3.08s edge=0.30s attach=2.78s mode=low-latency recommended=3.00s status=ready ok
soak t=130s pos=139.85s latency=3.08s edge=0.21s attach=2.88s mode=low-latency recommended=3.00s status=ready ok
soak t=135s pos=144.85s latency=3.08s edge=0.27s attach=2.82s mode=low-latency recommended=3.00s status=ready ok
soak t=140s pos=149.85s latency=3.08s edge=0.33s attach=2.75s mode=low-latency recommended=3.00s status=ready ok
soak t=145s pos=154.86s latency=3.08s edge=0.25s attach=2.84s mode=low-latency recommended=3.00s status=ready ok
soak t=150s pos=159.85s latency=3.08s edge=0.33s attach=2.75s mode=low-latency recommended=3.00s status=ready ok
soak t=155s pos=164.85s latency=3.08s edge=0.23s attach=2.85s mode=low-latency recommended=3.00s status=ready ok
soak t=160s pos=169.85s latency=3.08s edge=0.30s attach=2.78s mode=low-latency recommended=3.00s status=ready ok
soak t=165s pos=174.85s latency=3.08s edge=0.20s attach=2.89s mode=low-latency recommended=3.00s status=ready ok
soak t=170s pos=179.85s latency=3.08s edge=0.27s attach=2.81s mode=low-latency recommended=3.00s status=ready ok
soak t=175s pos=184.85s latency=3.08s edge=0.34s attach=2.74s mode=low-latency recommended=3.00s status=ready ok
soak t=180s pos=189.85s latency=3.08s edge=0.23s attach=2.85s mode=low-latency recommended=3.00s status=ready ok
soak t=185s pos=194.85s latency=3.08s edge=0.32s attach=2.76s mode=low-latency recommended=3.00s status=ready ok
soak t=190s pos=199.85s latency=3.08s edge=0.22s attach=2.86s mode=low-latency recommended=3.00s status=ready ok
soak t=195s pos=204.85s latency=3.08s edge=0.29s attach=2.79s mode=low-latency recommended=3.00s status=ready ok
soak t=200s pos=209.84s latency=3.08s edge=0.19s attach=2.89s mode=low-latency recommended=3.00s status=ready ok
soak t=205s pos=214.85s latency=3.08s edge=0.27s attach=2.82s mode=low-latency recommended=3.00s status=ready ok
soak t=210s pos=219.85s latency=3.08s edge=0.35s attach=2.74s mode=low-latency recommended=3.00s status=ready ok
soak t=215s pos=224.85s latency=3.08s edge=0.25s attach=2.84s mode=low-latency recommended=3.00s status=ready ok
soak t=220s pos=229.85s latency=3.08s edge=0.31s attach=2.77s mode=low-latency recommended=3.00s status=ready ok
soak t=225s pos=234.85s latency=3.08s edge=0.22s attach=2.86s mode=low-latency recommended=3.00s status=ready ok
soak t=230s pos=239.84s latency=3.08s edge=0.28s attach=2.80s mode=low-latency recommended=3.00s status=ready ok
soak t=235s pos=244.85s latency=3.08s edge=0.19s attach=2.89s mode=low-latency recommended=3.00s status=ready ok
soak t=240s pos=249.85s latency=3.08s edge=0.26s attach=2.82s mode=low-latency recommended=3.00s status=ready ok
soak t=245s pos=254.85s latency=3.08s edge=0.33s attach=2.76s mode=low-latency recommended=3.00s status=ready ok
soak t=250s pos=259.85s latency=3.08s edge=0.22s attach=2.87s mode=low-latency recommended=3.00s status=ready ok
soak t=255s pos=264.85s latency=3.08s edge=0.28s attach=2.81s mode=low-latency recommended=3.00s status=ready ok
soak t=260s pos=269.85s latency=3.08s edge=0.37s attach=2.71s mode=low-latency recommended=3.00s status=ready ok
soak t=265s pos=274.85s latency=3.08s edge=0.27s attach=2.81s mode=low-latency recommended=3.00s status=ready ok
soak t=270s pos=279.85s latency=3.08s edge=0.34s attach=2.74s mode=low-latency recommended=3.00s status=ready ok
soak t=275s pos=284.85s latency=3.08s edge=0.23s attach=2.85s mode=low-latency recommended=3.00s status=ready ok
soak t=280s pos=289.85s latency=3.08s edge=0.30s attach=2.78s mode=low-latency recommended=3.00s status=ready ok
soak t=285s pos=294.85s latency=3.08s edge=0.21s attach=2.88s mode=low-latency recommended=3.00s status=ready ok
soak t=290s pos=299.85s latency=3.08s edge=0.28s attach=2.80s mode=low-latency recommended=3.00s status=ready ok
soak t=295s pos=304.85s latency=3.08s edge=0.37s attach=2.71s mode=low-latency recommended=3.00s status=ready ok
soak t=300s pos=309.85s latency=3.08s edge=0.27s attach=2.82s mode=low-latency recommended=3.00s status=ready ok
soak t=305s pos=314.85s latency=3.08s edge=0.34s attach=2.74s mode=low-latency recommended=3.00s status=ready ok
soak t=310s pos=319.86s latency=3.08s edge=0.24s attach=2.84s mode=low-latency recommended=3.00s status=ready ok
soak t=315s pos=324.85s latency=3.08s edge=0.32s attach=2.77s mode=low-latency recommended=3.00s status=ready ok
soak t=320s pos=329.85s latency=3.08s edge=0.21s attach=2.87s mode=low-latency recommended=3.00s status=ready ok
soak t=325s pos=334.85s latency=3.08s edge=0.29s attach=2.80s mode=low-latency recommended=3.00s status=ready ok
soak t=330s pos=339.85s latency=3.08s edge=0.35s attach=2.73s mode=low-latency recommended=3.00s status=ready ok
soak t=335s pos=344.85s latency=3.08s edge=0.24s attach=2.84s mode=low-latency recommended=3.00s status=ready ok
soak t=340s pos=349.85s latency=3.08s edge=0.32s attach=2.76s mode=low-latency recommended=3.00s status=ready ok
soak t=345s pos=354.85s latency=3.08s edge=0.23s attach=2.85s mode=low-latency recommended=3.00s status=ready ok
soak t=350s pos=359.85s latency=3.08s edge=0.30s attach=2.78s mode=low-latency recommended=3.00s status=ready ok
soak t=355s pos=364.85s latency=3.08s edge=0.20s attach=2.88s mode=low-latency recommended=3.00s status=ready ok
soak t=360s pos=369.85s latency=3.08s edge=0.27s attach=2.81s mode=low-latency recommended=3.00s status=ready ok
soak t=365s pos=374.85s latency=3.08s edge=0.35s attach=2.74s mode=low-latency recommended=3.00s status=ready ok
soak t=370s pos=379.85s latency=3.08s edge=0.25s attach=2.84s mode=low-latency recommended=3.00s status=ready ok
soak t=375s pos=384.85s latency=3.08s edge=0.32s attach=2.76s mode=low-latency recommended=3.00s status=ready ok
soak t=380s pos=389.85s latency=3.08s edge=0.23s attach=2.86s mode=low-latency recommended=3.00s status=ready ok
soak t=385s pos=394.85s latency=3.08s edge=0.31s attach=2.77s mode=low-latency recommended=3.00s status=ready ok
soak t=390s pos=399.85s latency=3.08s edge=0.22s attach=2.86s mode=low-latency recommended=3.00s status=ready ok
soak t=395s pos=404.85s latency=3.08s edge=0.31s attach=2.77s mode=low-latency recommended=3.00s status=ready ok
soak t=400s pos=409.85s latency=3.08s edge=0.21s attach=2.88s mode=low-latency recommended=3.00s status=ready ok
soak t=405s pos=414.85s latency=3.08s edge=0.28s attach=2.81s mode=low-latency recommended=3.00s status=ready ok
soak t=410s pos=419.85s latency=3.08s edge=0.34s attach=2.74s mode=low-latency recommended=3.00s status=ready ok
soak t=415s pos=424.85s latency=3.08s edge=0.26s attach=2.82s mode=low-latency recommended=3.00s status=ready ok
soak t=420s pos=429.86s latency=3.08s edge=0.33s attach=2.75s mode=low-latency recommended=3.00s status=ready ok
soak t=425s pos=434.86s latency=3.08s edge=0.23s attach=2.86s mode=low-latency recommended=3.00s status=ready ok
soak t=430s pos=439.85s latency=3.08s edge=0.29s attach=2.79s mode=low-latency recommended=3.00s status=ready ok
soak t=435s pos=444.85s latency=3.08s edge=0.36s attach=2.72s mode=low-latency recommended=3.00s status=ready ok
soak t=440s pos=449.85s latency=3.08s edge=0.30s attach=2.78s mode=low-latency recommended=3.00s status=ready ok
soak t=445s pos=454.85s latency=3.08s edge=0.20s attach=2.88s mode=low-latency recommended=3.00s status=ready ok
soak t=450s pos=459.85s latency=3.08s edge=0.28s attach=2.81s mode=low-latency recommended=3.00s status=ready ok
soak t=455s pos=464.86s latency=3.08s edge=0.35s attach=2.74s mode=low-latency recommended=3.00s status=ready ok
soak t=460s pos=469.86s latency=3.08s edge=0.29s attach=2.79s mode=low-latency recommended=3.00s status=ready ok
soak t=465s pos=474.85s latency=3.08s edge=0.23s attach=2.85s mode=low-latency recommended=3.00s status=ready ok
soak t=470s pos=479.85s latency=3.08s edge=0.34s attach=2.75s mode=low-latency recommended=3.00s status=ready ok
soak t=475s pos=484.85s latency=3.08s edge=0.24s attach=2.85s mode=low-latency recommended=3.00s status=ready ok
soak t=480s pos=489.85s latency=3.08s edge=0.30s attach=2.78s mode=low-latency recommended=3.00s status=ready ok
soak t=485s pos=494.85s latency=3.08s edge=0.20s attach=2.88s mode=low-latency recommended=3.00s status=ready ok
soak t=490s pos=499.85s latency=3.08s edge=0.30s attach=2.79s mode=low-latency recommended=3.00s status=ready ok
soak t=495s pos=504.85s latency=3.08s edge=0.21s attach=2.87s mode=low-latency recommended=3.00s status=ready ok
soak t=500s pos=509.85s latency=3.08s edge=0.27s attach=2.81s mode=low-latency recommended=3.00s status=ready ok
soak t=505s pos=514.85s latency=3.08s edge=0.33s attach=2.75s mode=low-latency recommended=3.00s status=ready ok
soak t=510s pos=519.85s latency=3.08s edge=0.26s attach=2.82s mode=low-latency recommended=3.00s status=ready ok
soak t=515s pos=524.85s latency=3.08s edge=0.32s attach=2.76s mode=low-latency recommended=3.00s status=ready ok
soak t=520s pos=529.85s latency=3.08s edge=0.21s attach=2.87s mode=low-latency recommended=3.00s status=ready ok
soak t=525s pos=534.85s latency=3.08s edge=0.29s attach=2.80s mode=low-latency recommended=3.00s status=ready ok
soak t=530s pos=539.85s latency=3.08s edge=0.20s attach=2.88s mode=low-latency recommended=3.00s status=ready ok
soak t=535s pos=544.85s latency=3.08s edge=0.27s attach=2.82s mode=low-latency recommended=3.00s status=ready ok
soak t=540s pos=549.86s latency=3.08s edge=0.22s attach=2.87s mode=low-latency recommended=3.00s status=ready ok
soak t=545s pos=554.85s latency=3.08s edge=0.29s attach=2.80s mode=low-latency recommended=3.00s status=ready ok
soak t=550s pos=559.85s latency=3.08s edge=0.19s attach=2.89s mode=low-latency recommended=3.00s status=ready ok
soak t=555s pos=564.85s latency=3.08s edge=0.26s attach=2.82s mode=low-latency recommended=3.00s status=ready ok
soak t=560s pos=569.85s latency=3.08s edge=0.33s attach=2.75s mode=low-latency recommended=3.00s status=ready ok
soak t=565s pos=574.85s latency=3.08s edge=0.24s attach=2.84s mode=low-latency recommended=3.00s status=ready ok
soak t=570s pos=579.85s latency=3.08s edge=0.31s attach=2.77s mode=low-latency recommended=3.00s status=ready ok
soak t=575s pos=584.85s latency=3.08s edge=0.22s attach=2.87s mode=low-latency recommended=3.00s status=ready ok
soak t=580s pos=589.85s latency=3.08s edge=0.28s attach=2.80s mode=low-latency recommended=3.00s status=ready ok
soak t=585s pos=594.85s latency=3.08s edge=0.18s attach=2.90s mode=low-latency recommended=3.00s status=ready ok
soak t=590s pos=599.85s latency=3.08s edge=0.25s attach=2.83s mode=low-latency recommended=3.00s status=ready ok
soak t=595s pos=604.85s latency=3.08s edge=0.33s attach=2.76s mode=low-latency recommended=3.00s status=ready ok
soak t=600s pos=609.85s latency=3.08s edge=0.22s attach=2.86s mode=low-latency recommended=3.00s status=ready ok
SOAK PASS: 10min, 120 samples, mode low-latency (120/120 low-latency), median latency 3.08s = edge 0.27s + attach 2.81s, target 3.00s on attach, zero backward movement
soak end url=http://127.0.0.1:58322/r/lab/stream.m3u8 label=relay verdict=PASS
