soak begin url=http://127.0.0.1:60765/live/party/index.m3u8 label=direct target=3.000s minutes=10 print=5.0s position=0.25s build=soak-lab throwaway stack started=2026-09-11T06:22:50.102Z
soak legend latency=edge+attach edge=playlist staleness attach=distance the player chose from the live edge
soak t=005s pos=15.47s latency=3.06s edge=0.05s attach=3.00s mode=low-latency recommended=3.00s status=ready ok
soak t=010s pos=20.47s latency=3.06s edge=0.12s attach=2.94s mode=low-latency recommended=3.00s status=ready ok
soak t=015s pos=25.47s latency=3.06s edge=0.01s attach=3.04s mode=low-latency recommended=3.00s status=ready ok
soak t=020s pos=30.47s latency=3.06s edge=0.07s attach=2.99s mode=low-latency recommended=3.00s status=ready ok
soak t=025s pos=35.47s latency=3.06s edge=0.13s attach=2.93s mode=low-latency recommended=3.00s status=ready ok
soak t=030s pos=40.47s latency=3.06s edge=0.02s attach=3.03s mode=low-latency recommended=3.00s status=ready ok
soak t=035s pos=45.47s latency=3.06s edge=0.08s attach=2.98s mode=low-latency recommended=3.00s status=ready ok
soak t=040s pos=50.46s latency=3.06s edge=0.14s attach=2.92s mode=low-latency recommended=3.00s status=ready ok
soak t=045s pos=55.46s latency=3.06s edge=0.02s attach=3.03s mode=low-latency recommended=3.00s status=ready ok
soak t=050s pos=60.46s latency=3.06s edge=0.08s attach=2.97s mode=low-latency recommended=3.00s status=ready ok
soak t=055s pos=65.46s latency=3.06s edge=0.15s attach=2.91s mode=low-latency recommended=3.00s status=ready ok
soak t=060s pos=70.46s latency=3.06s edge=0.03s attach=3.03s mode=low-latency recommended=3.00s status=ready ok
soak t=065s pos=75.47s latency=3.06s edge=0.10s attach=2.96s mode=low-latency recommended=3.00s status=ready ok
soak t=070s pos=80.46s latency=3.06s edge=0.16s attach=2.89s mode=low-latency recommended=3.00s status=ready ok
soak t=075s pos=85.47s latency=3.06s edge=0.06s attach=3.00s mode=low-latency recommended=3.00s status=ready ok
soak t=080s pos=90.46s latency=3.06s edge=0.13s attach=2.93s mode=low-latency recommended=3.00s status=ready ok
soak t=085s pos=95.47s latency=3.06s edge=0.04s attach=3.02s mode=low-latency recommended=3.00s status=ready ok
soak t=090s pos=100.47s latency=3.06s edge=0.10s attach=2.96s mode=low-latency recommended=3.00s status=ready ok
soak t=095s pos=105.47s latency=3.06s edge=0.05s attach=3.01s mode=low-latency recommended=3.00s status=ready ok
soak t=100s pos=110.47s latency=3.06s edge=0.12s attach=2.94s mode=low-latency recommended=3.00s status=ready ok
soak t=105s pos=115.46s latency=3.06s edge=0.01s attach=3.04s mode=low-latency recommended=3.00s status=ready ok
soak t=110s pos=120.46s latency=3.06s edge=0.08s attach=2.98s mode=low-latency recommended=3.00s status=ready ok
soak t=115s pos=125.47s latency=3.06s edge=0.14s attach=2.92s mode=low-latency recommended=3.00s status=ready ok
soak t=120s pos=130.46s latency=3.06s edge=0.04s attach=3.02s mode=low-latency recommended=3.00s status=ready ok
soak t=125s pos=135.46s latency=3.06s edge=0.11s attach=2.95s mode=low-latency recommended=3.00s status=ready ok
soak t=130s pos=140.47s latency=3.06s edge=0.17s attach=2.89s mode=low-latency recommended=3.00s status=ready ok
soak t=135s pos=145.46s latency=3.06s edge=0.06s attach=3.00s mode=low-latency recommended=3.00s status=ready ok
soak t=140s pos=150.47s latency=3.06s edge=0.11s attach=2.94s mode=low-latency recommended=3.00s status=ready ok
soak t=145s pos=155.47s latency=3.06s edge=0.01s attach=3.04s mode=low-latency recommended=3.00s status=ready ok
soak t=150s pos=160.46s latency=3.06s edge=0.08s attach=2.98s mode=low-latency recommended=3.00s status=ready ok
soak t=155s pos=165.47s latency=3.06s edge=0.14s attach=2.91s mode=low-latency recommended=3.00s status=ready ok
soak t=160s pos=170.46s latency=3.06s edge=0.03s attach=3.03s mode=low-latency recommended=3.00s status=ready ok
soak t=165s pos=175.47s latency=3.06s edge=0.09s attach=2.96s mode=low-latency recommended=3.00s status=ready ok
soak t=170s pos=180.47s latency=3.06s edge=0.16s attach=2.90s mode=low-latency recommended=3.00s status=ready ok
soak t=175s pos=185.47s latency=3.06s edge=0.04s attach=3.01s mode=low-latency recommended=3.00s status=ready ok
soak t=180s pos=190.47s latency=3.06s edge=0.10s attach=2.95s mode=low-latency recommended=3.00s status=ready ok
soak t=185s pos=195.47s latency=3.06s edge=0.16s attach=2.90s mode=low-latency recommended=3.00s status=ready ok
soak t=190s pos=200.47s latency=3.06s edge=0.04s attach=3.01s mode=low-latency recommended=3.00s status=ready ok
soak t=195s pos=205.47s latency=3.06s edge=0.11s attach=2.95s mode=low-latency recommended=3.00s status=ready ok
soak t=200s pos=210.47s latency=3.06s edge=0.17s attach=2.89s mode=low-latency recommended=3.00s status=ready ok
soak t=205s pos=215.47s latency=3.06s edge=0.06s attach=3.00s mode=low-latency recommended=3.00s status=ready ok
soak t=210s pos=220.47s latency=3.06s edge=0.11s attach=2.95s mode=low-latency recommended=3.00s status=ready ok
soak t=215s pos=225.47s latency=3.06s edge=0.17s attach=2.89s mode=low-latency recommended=3.00s status=ready ok
soak t=220s pos=230.47s latency=3.06s edge=0.06s attach=3.00s mode=low-latency recommended=3.00s status=ready ok
soak t=225s pos=235.47s latency=3.06s edge=0.12s attach=2.94s mode=low-latency recommended=3.00s status=ready ok
soak t=230s pos=240.47s latency=3.06s edge=0.17s attach=2.88s mode=low-latency recommended=3.00s status=ready ok
soak t=235s pos=245.47s latency=3.06s edge=0.06s attach=3.00s mode=low-latency recommended=3.00s status=ready ok
soak t=240s pos=250.47s latency=3.06s edge=0.12s attach=2.94s mode=low-latency recommended=3.00s status=ready ok
soak t=245s pos=255.47s latency=3.06s edge=0.02s attach=3.04s mode=low-latency recommended=3.00s status=ready ok
soak t=250s pos=260.46s latency=3.06s edge=0.08s attach=2.97s mode=low-latency recommended=3.00s status=ready ok
soak t=255s pos=265.47s latency=3.06s edge=0.15s attach=2.91s mode=low-latency recommended=3.00s status=ready ok
soak t=260s pos=270.47s latency=3.06s edge=0.04s attach=3.01s mode=low-latency recommended=3.00s status=ready ok
soak t=265s pos=275.47s latency=3.06s edge=0.11s attach=2.95s mode=low-latency recommended=3.00s status=ready ok
soak t=270s pos=280.47s latency=3.06s edge=0.17s attach=2.89s mode=low-latency recommended=3.00s status=ready ok
soak t=275s pos=285.47s latency=3.06s edge=0.06s attach=3.00s mode=low-latency recommended=3.00s status=ready ok
soak t=280s pos=290.47s latency=3.06s edge=0.11s attach=2.95s mode=low-latency recommended=3.00s status=ready ok
soak t=285s pos=295.47s latency=3.06s edge=0.01s attach=3.05s mode=low-latency recommended=3.00s status=ready ok
soak t=290s pos=300.46s latency=3.06s edge=0.06s attach=2.99s mode=low-latency recommended=3.00s status=ready ok
soak t=295s pos=305.47s latency=3.06s edge=0.13s attach=2.93s mode=low-latency recommended=3.00s status=ready ok
soak t=300s pos=310.47s latency=3.06s edge=0.02s attach=3.03s mode=low-latency recommended=3.00s status=ready ok
soak t=305s pos=315.47s latency=3.06s edge=0.08s attach=2.97s mode=low-latency recommended=3.00s status=ready ok
soak t=310s pos=320.47s latency=3.06s edge=0.14s attach=2.92s mode=low-latency recommended=3.00s status=ready ok
soak t=315s pos=325.47s latency=3.06s edge=0.03s attach=3.02s mode=low-latency recommended=3.00s status=ready ok
soak t=320s pos=330.47s latency=3.06s edge=0.09s attach=2.96s mode=low-latency recommended=3.00s status=ready ok
soak t=325s pos=335.47s latency=3.06s edge=0.16s attach=2.90s mode=low-latency recommended=3.00s status=ready ok
soak t=330s pos=340.47s latency=3.06s edge=0.05s attach=3.01s mode=low-latency recommended=3.00s status=ready ok
soak t=335s pos=345.47s latency=3.06s edge=0.12s attach=2.94s mode=low-latency recommended=3.00s status=ready ok
soak t=340s pos=350.47s latency=3.06s edge=0.17s attach=2.88s mode=low-latency recommended=3.00s status=ready ok
soak t=345s pos=355.47s latency=3.06s edge=0.07s attach=2.99s mode=low-latency recommended=3.00s status=ready ok
soak t=350s pos=360.47s latency=3.06s edge=0.13s attach=2.92s mode=low-latency recommended=3.00s status=ready ok
soak t=355s pos=365.47s latency=3.06s edge=0.03s attach=3.03s mode=low-latency recommended=3.00s status=ready ok
soak t=360s pos=370.47s latency=3.06s edge=0.10s attach=2.96s mode=low-latency recommended=3.00s status=ready ok
soak t=365s pos=375.47s latency=3.06s edge=0.16s attach=2.89s mode=low-latency recommended=3.00s status=ready ok
soak t=370s pos=380.47s latency=3.06s edge=0.05s attach=3.01s mode=low-latency recommended=3.00s status=ready ok
soak t=375s pos=385.47s latency=3.06s edge=0.11s attach=2.94s mode=low-latency recommended=3.00s status=ready ok
soak t=380s pos=390.47s latency=3.06s edge=0.18s attach=2.88s mode=low-latency recommended=3.00s status=ready ok
soak t=385s pos=395.47s latency=3.06s edge=0.07s attach=2.99s mode=low-latency recommended=3.00s status=ready ok
soak t=390s pos=400.47s latency=3.06s edge=0.13s attach=2.93s mode=low-latency recommended=3.00s status=ready ok
soak t=395s pos=405.47s latency=3.06s edge=0.02s attach=3.03s mode=low-latency recommended=3.00s status=ready ok
soak t=400s pos=410.47s latency=3.06s edge=0.09s attach=2.97s mode=low-latency recommended=3.00s status=ready ok
soak t=405s pos=415.47s latency=3.06s edge=0.16s attach=2.90s mode=low-latency recommended=3.00s status=ready ok
soak t=410s pos=420.47s latency=3.06s edge=0.04s attach=3.01s mode=low-latency recommended=3.00s status=ready ok
soak t=415s pos=425.46s latency=3.06s edge=0.10s attach=2.96s mode=low-latency recommended=3.00s status=ready ok
soak t=420s pos=430.47s latency=3.06s edge=0.16s attach=2.89s mode=low-latency recommended=3.00s status=ready ok
soak t=425s pos=435.47s latency=3.06s edge=0.05s attach=3.00s mode=low-latency recommended=3.00s status=ready ok
soak t=430s pos=440.47s latency=3.06s edge=0.11s attach=2.94s mode=low-latency recommended=3.00s status=ready ok
soak t=435s pos=445.47s latency=3.06s edge=0.17s attach=2.89s mode=low-latency recommended=3.00s status=ready ok
soak t=440s pos=450.47s latency=3.06s edge=0.05s attach=3.01s mode=low-latency recommended=3.00s status=ready ok
soak t=445s pos=455.47s latency=3.06s edge=0.12s attach=2.94s mode=low-latency recommended=3.00s status=ready ok
soak t=450s pos=460.47s latency=3.06s edge=0.01s attach=3.05s mode=low-latency recommended=3.00s status=ready ok
soak t=455s pos=465.47s latency=3.06s edge=0.06s attach=2.99s mode=low-latency recommended=3.00s status=ready ok
soak t=460s pos=470.47s latency=3.06s edge=0.12s attach=2.93s mode=low-latency recommended=3.00s status=ready ok
soak t=465s pos=475.47s latency=3.06s edge=0.02s attach=3.04s mode=low-latency recommended=3.00s status=ready ok
soak t=470s pos=480.47s latency=3.06s edge=0.10s attach=2.96s mode=low-latency recommended=3.00s status=ready ok
soak t=475s pos=485.47s latency=3.06s edge=0.17s attach=2.89s mode=low-latency recommended=3.00s status=ready ok
soak t=480s pos=490.47s latency=3.06s edge=0.06s attach=3.00s mode=low-latency recommended=3.00s status=ready ok
soak t=485s pos=495.47s latency=3.06s edge=0.13s attach=2.93s mode=low-latency recommended=3.00s status=ready ok
soak t=490s pos=500.47s latency=3.06s edge=0.03s attach=3.03s mode=low-latency recommended=3.00s status=ready ok
soak t=495s pos=505.47s latency=3.06s edge=0.09s attach=2.97s mode=low-latency recommended=3.00s status=ready ok
soak t=500s pos=510.47s latency=3.06s edge=0.15s attach=2.91s mode=low-latency recommended=3.00s status=ready ok
soak t=505s pos=515.47s latency=3.06s edge=0.04s attach=3.01s mode=low-latency recommended=3.00s status=ready ok
soak t=510s pos=520.47s latency=3.06s edge=0.11s attach=2.95s mode=low-latency recommended=3.00s status=ready ok
soak t=515s pos=525.47s latency=3.06s edge=0.17s attach=2.89s mode=low-latency recommended=3.00s status=ready ok
soak t=520s pos=530.47s latency=3.06s edge=0.06s attach=3.00s mode=low-latency recommended=3.00s status=ready ok
soak t=525s pos=535.47s latency=3.06s edge=0.13s attach=2.93s mode=low-latency recommended=3.00s status=ready ok
soak t=530s pos=540.47s latency=3.06s edge=0.02s attach=3.04s mode=low-latency recommended=3.00s status=ready ok
soak t=535s pos=545.47s latency=3.06s edge=0.08s attach=2.97s mode=low-latency recommended=3.00s status=ready ok
soak t=540s pos=550.47s latency=3.06s edge=0.15s attach=2.90s mode=low-latency recommended=3.00s status=ready ok
soak t=545s pos=555.47s latency=3.06s edge=0.04s attach=3.02s mode=low-latency recommended=3.00s status=ready ok
soak t=550s pos=560.47s latency=3.06s edge=0.10s attach=2.95s mode=low-latency recommended=3.00s status=ready ok
soak t=555s pos=565.47s latency=3.06s edge=0.16s attach=2.89s mode=low-latency recommended=3.00s status=ready ok
soak t=560s pos=570.47s latency=3.06s edge=0.06s attach=3.00s mode=low-latency recommended=3.00s status=ready ok
soak t=565s pos=575.47s latency=3.06s edge=0.13s attach=2.93s mode=low-latency recommended=3.00s status=ready ok
soak t=570s pos=580.47s latency=3.06s edge=0.02s attach=3.04s mode=low-latency recommended=3.00s status=ready ok
soak t=575s pos=585.47s latency=3.06s edge=0.08s attach=2.98s mode=low-latency recommended=3.00s status=ready ok
soak t=580s pos=590.47s latency=3.06s edge=0.14s attach=2.91s mode=low-latency recommended=3.00s status=ready ok
soak t=585s pos=595.47s latency=3.06s edge=0.03s attach=3.02s mode=low-latency recommended=3.00s status=ready ok
soak t=590s pos=600.47s latency=3.06s edge=0.09s attach=2.96s mode=low-latency recommended=3.00s status=ready ok
soak t=595s pos=605.47s latency=3.06s edge=0.16s attach=2.90s mode=low-latency recommended=3.00s status=ready ok
soak t=600s pos=610.47s latency=3.06s edge=0.05s attach=3.01s mode=low-latency recommended=3.00s status=ready ok
SOAK PASS: 10min, 120 samples, mode low-latency (120/120 low-latency), median latency 3.06s = edge 0.09s + attach 2.96s, target 3.00s on attach, zero backward movement
soak end url=http://127.0.0.1:60765/live/party/index.m3u8 label=direct verdict=PASS
