soak begin url=http://127.0.0.1:60953/live/party/index.m3u8 label=holdback-5.0 target=3.000s minutes=10 print=5.0s position=0.25s build=soak-lab throwaway stack started=2026-09-11T06:22:50.102Z
soak legend latency=edge+attach edge=playlist staleness attach=distance the player chose from the live edge
soak t=005s pos=13.41s latency=5.12s edge=0.06s attach=5.05s mode=low-latency recommended=5.00s status=ready ok
soak t=010s pos=18.41s latency=5.12s edge=0.13s attach=4.99s mode=low-latency recommended=5.00s status=ready ok
soak t=015s pos=23.41s latency=5.12s edge=0.02s attach=5.10s mode=low-latency recommended=5.00s status=ready ok
soak t=020s pos=28.41s latency=5.12s edge=0.08s attach=5.04s mode=low-latency recommended=5.00s status=ready ok
soak t=025s pos=33.41s latency=5.12s edge=0.14s attach=4.97s mode=low-latency recommended=5.00s status=ready ok
soak t=030s pos=38.41s latency=5.12s edge=0.04s attach=5.08s mode=low-latency recommended=5.00s status=ready ok
soak t=035s pos=43.41s latency=5.12s edge=0.10s attach=5.02s mode=low-latency recommended=5.00s status=ready ok
soak t=040s pos=48.40s latency=5.12s edge=0.17s attach=4.95s mode=low-latency recommended=5.00s status=ready ok
soak t=045s pos=53.40s latency=5.12s edge=0.06s attach=5.06s mode=low-latency recommended=5.00s status=ready ok
soak t=050s pos=58.40s latency=5.12s edge=0.11s attach=5.01s mode=low-latency recommended=5.00s status=ready ok
soak t=055s pos=63.40s latency=5.12s edge=0.00s attach=5.11s mode=low-latency recommended=5.00s status=ready ok
soak t=060s pos=68.40s latency=5.12s edge=0.07s attach=5.05s mode=low-latency recommended=5.00s status=ready ok
soak t=065s pos=73.41s latency=5.12s edge=0.14s attach=4.98s mode=low-latency recommended=5.00s status=ready ok
soak t=070s pos=78.40s latency=5.12s edge=0.02s attach=5.09s mode=low-latency recommended=5.00s status=ready ok
soak t=075s pos=83.41s latency=5.12s edge=0.09s attach=5.03s mode=low-latency recommended=5.00s status=ready ok
soak t=080s pos=88.40s latency=5.12s edge=0.15s attach=4.97s mode=low-latency recommended=5.00s status=ready ok
soak t=085s pos=93.41s latency=5.12s edge=0.05s attach=5.07s mode=low-latency recommended=5.00s status=ready ok
soak t=090s pos=98.41s latency=5.12s edge=0.17s attach=4.95s mode=low-latency recommended=5.00s status=ready ok
soak t=095s pos=103.41s latency=5.12s edge=0.06s attach=5.06s mode=low-latency recommended=5.00s status=ready ok
soak t=100s pos=108.41s latency=5.12s edge=0.12s attach=4.99s mode=low-latency recommended=5.00s status=ready ok
soak t=105s pos=113.40s latency=5.12s edge=0.03s attach=5.09s mode=low-latency recommended=5.00s status=ready ok
soak t=110s pos=118.40s latency=5.12s edge=0.09s attach=5.02s mode=low-latency recommended=5.00s status=ready ok
soak t=115s pos=123.41s latency=5.12s edge=0.16s attach=4.95s mode=low-latency recommended=5.00s status=ready ok
soak t=120s pos=128.40s latency=5.12s edge=0.05s attach=5.06s mode=low-latency recommended=5.00s status=ready ok
soak t=125s pos=133.40s latency=5.12s edge=0.11s attach=5.01s mode=low-latency recommended=5.00s status=ready ok
soak t=130s pos=138.41s latency=5.12s edge=0.17s attach=4.95s mode=low-latency recommended=5.00s status=ready ok
soak t=135s pos=143.40s latency=5.12s edge=0.06s attach=5.06s mode=low-latency recommended=5.00s status=ready ok
soak t=140s pos=148.41s latency=5.12s edge=0.13s attach=4.98s mode=low-latency recommended=5.00s status=ready ok
soak t=145s pos=153.41s latency=5.12s edge=0.03s attach=5.09s mode=low-latency recommended=5.00s status=ready ok
soak t=150s pos=158.40s latency=5.12s edge=0.10s attach=5.02s mode=low-latency recommended=5.00s status=ready ok
soak t=155s pos=163.41s latency=5.12s edge=0.15s attach=4.96s mode=low-latency recommended=5.00s status=ready ok
soak t=160s pos=168.40s latency=5.12s edge=0.05s attach=5.07s mode=low-latency recommended=5.00s status=ready ok
soak t=165s pos=173.41s latency=5.12s edge=0.11s attach=5.00s mode=low-latency recommended=5.00s status=ready ok
soak t=170s pos=178.41s latency=5.12s edge=0.18s attach=4.94s mode=low-latency recommended=5.00s status=ready ok
soak t=175s pos=183.41s latency=5.12s edge=0.06s attach=5.05s mode=low-latency recommended=5.00s status=ready ok
soak t=180s pos=188.41s latency=5.12s edge=0.13s attach=4.99s mode=low-latency recommended=5.00s status=ready ok
soak t=185s pos=193.40s latency=5.12s edge=0.03s attach=5.09s mode=low-latency recommended=5.00s status=ready ok
soak t=190s pos=198.40s latency=5.12s edge=0.09s attach=5.02s mode=low-latency recommended=5.00s status=ready ok
soak t=195s pos=203.40s latency=5.12s edge=0.15s attach=4.96s mode=low-latency recommended=5.00s status=ready ok
soak t=200s pos=208.40s latency=5.12s edge=0.04s attach=5.08s mode=low-latency recommended=5.00s status=ready ok
soak t=205s pos=213.41s latency=5.12s edge=0.10s attach=5.01s mode=low-latency recommended=5.00s status=ready ok
soak t=210s pos=218.41s latency=5.12s edge=0.16s attach=4.96s mode=low-latency recommended=5.00s status=ready ok
soak t=215s pos=223.41s latency=5.12s edge=0.05s attach=5.07s mode=low-latency recommended=5.00s status=ready ok
soak t=220s pos=228.40s latency=5.12s edge=0.10s attach=5.01s mode=low-latency recommended=5.00s status=ready ok
soak t=225s pos=233.41s latency=5.12s edge=0.17s attach=4.95s mode=low-latency recommended=5.00s status=ready ok
soak t=230s pos=238.41s latency=5.12s edge=0.06s attach=5.06s mode=low-latency recommended=5.00s status=ready ok
soak t=235s pos=243.41s latency=5.12s edge=0.12s attach=4.99s mode=low-latency recommended=5.00s status=ready ok
soak t=240s pos=248.41s latency=5.12s edge=0.02s attach=5.10s mode=low-latency recommended=5.00s status=ready ok
soak t=245s pos=253.41s latency=5.12s edge=0.07s attach=5.04s mode=low-latency recommended=5.00s status=ready ok
soak t=250s pos=258.40s latency=5.12s edge=0.13s attach=4.99s mode=low-latency recommended=5.00s status=ready ok
soak t=255s pos=263.41s latency=5.12s edge=0.01s attach=5.10s mode=low-latency recommended=5.00s status=ready ok
soak t=260s pos=268.41s latency=5.12s edge=0.08s attach=5.04s mode=low-latency recommended=5.00s status=ready ok
soak t=265s pos=273.41s latency=5.12s edge=0.15s attach=4.97s mode=low-latency recommended=5.00s status=ready ok
soak t=270s pos=278.41s latency=5.12s edge=0.04s attach=5.07s mode=low-latency recommended=5.00s status=ready ok
soak t=275s pos=283.41s latency=5.12s edge=0.10s attach=5.02s mode=low-latency recommended=5.00s status=ready ok
soak t=280s pos=288.41s latency=5.12s edge=0.16s attach=4.96s mode=low-latency recommended=5.00s status=ready ok
soak t=285s pos=293.41s latency=5.12s edge=0.06s attach=5.05s mode=low-latency recommended=5.00s status=ready ok
soak t=290s pos=298.40s latency=5.12s edge=0.12s attach=5.00s mode=low-latency recommended=5.00s status=ready ok
soak t=295s pos=303.41s latency=5.12s edge=0.01s attach=5.11s mode=low-latency recommended=5.00s status=ready ok
soak t=300s pos=308.41s latency=5.12s edge=0.07s attach=5.05s mode=low-latency recommended=5.00s status=ready ok
soak t=305s pos=313.41s latency=5.12s edge=0.13s attach=4.99s mode=low-latency recommended=5.00s status=ready ok
soak t=310s pos=318.41s latency=5.12s edge=0.02s attach=5.10s mode=low-latency recommended=5.00s status=ready ok
soak t=315s pos=323.41s latency=5.12s edge=0.08s attach=5.04s mode=low-latency recommended=5.00s status=ready ok
soak t=320s pos=328.41s latency=5.12s edge=0.13s attach=4.98s mode=low-latency recommended=5.00s status=ready ok
soak t=325s pos=333.41s latency=5.12s edge=0.02s attach=5.09s mode=low-latency recommended=5.00s status=ready ok
soak t=330s pos=338.41s latency=5.12s edge=0.09s attach=5.03s mode=low-latency recommended=5.00s status=ready ok
soak t=335s pos=343.41s latency=5.12s edge=0.15s attach=4.96s mode=low-latency recommended=5.00s status=ready ok
soak t=340s pos=348.41s latency=5.12s edge=0.06s attach=5.06s mode=low-latency recommended=5.00s status=ready ok
soak t=345s pos=353.41s latency=5.12s edge=0.12s attach=4.99s mode=low-latency recommended=5.00s status=ready ok
soak t=350s pos=358.41s latency=5.12s edge=0.01s attach=5.10s mode=low-latency recommended=5.00s status=ready ok
soak t=355s pos=363.41s latency=5.12s edge=0.08s attach=5.03s mode=low-latency recommended=5.00s status=ready ok
soak t=360s pos=368.41s latency=5.12s edge=0.15s attach=4.97s mode=low-latency recommended=5.00s status=ready ok
soak t=365s pos=373.41s latency=5.12s edge=0.03s attach=5.08s mode=low-latency recommended=5.00s status=ready ok
soak t=370s pos=378.41s latency=5.12s edge=0.10s attach=5.01s mode=low-latency recommended=5.00s status=ready ok
soak t=375s pos=383.41s latency=5.12s edge=0.16s attach=4.96s mode=low-latency recommended=5.00s status=ready ok
soak t=380s pos=388.41s latency=5.12s edge=0.05s attach=5.06s mode=low-latency recommended=5.00s status=ready ok
soak t=385s pos=393.41s latency=5.12s edge=0.11s attach=5.00s mode=low-latency recommended=5.00s status=ready ok
soak t=390s pos=398.41s latency=5.12s edge=0.18s attach=4.94s mode=low-latency recommended=5.00s status=ready ok
soak t=395s pos=403.41s latency=5.12s edge=0.07s attach=5.05s mode=low-latency recommended=5.00s status=ready ok
soak t=400s pos=408.41s latency=5.12s edge=0.13s attach=4.99s mode=low-latency recommended=5.00s status=ready ok
soak t=405s pos=413.40s latency=5.12s edge=0.02s attach=5.09s mode=low-latency recommended=5.00s status=ready ok
soak t=410s pos=418.41s latency=5.12s edge=0.09s attach=5.02s mode=low-latency recommended=5.00s status=ready ok
soak t=415s pos=423.40s latency=5.12s edge=0.16s attach=4.95s mode=low-latency recommended=5.00s status=ready ok
soak t=420s pos=428.41s latency=5.12s edge=0.06s attach=5.05s mode=low-latency recommended=5.00s status=ready ok
soak t=425s pos=433.41s latency=5.12s edge=0.12s attach=4.99s mode=low-latency recommended=5.00s status=ready ok
soak t=430s pos=438.41s latency=5.12s edge=0.01s attach=5.10s mode=low-latency recommended=5.00s status=ready ok
soak t=435s pos=443.41s latency=5.12s edge=0.07s attach=5.05s mode=low-latency recommended=5.00s status=ready ok
soak t=440s pos=448.41s latency=5.12s edge=0.13s attach=4.99s mode=low-latency recommended=5.00s status=ready ok
soak t=445s pos=453.41s latency=5.12s edge=0.03s attach=5.09s mode=low-latency recommended=5.00s status=ready ok
soak t=450s pos=458.41s latency=5.12s edge=0.09s attach=5.02s mode=low-latency recommended=5.00s status=ready ok
soak t=455s pos=463.41s latency=5.12s edge=0.15s attach=4.96s mode=low-latency recommended=5.00s status=ready ok
soak t=460s pos=468.41s latency=5.12s edge=0.04s attach=5.07s mode=low-latency recommended=5.00s status=ready ok
soak t=465s pos=473.41s latency=5.12s edge=0.11s attach=5.00s mode=low-latency recommended=5.00s status=ready ok
soak t=470s pos=478.41s latency=5.12s edge=0.18s attach=4.94s mode=low-latency recommended=5.00s status=ready ok
soak t=475s pos=483.41s latency=5.12s edge=0.07s attach=5.04s mode=low-latency recommended=5.00s status=ready ok
soak t=480s pos=488.41s latency=5.12s edge=0.14s attach=4.98s mode=low-latency recommended=5.00s status=ready ok
soak t=485s pos=493.41s latency=5.12s edge=0.04s attach=5.07s mode=low-latency recommended=5.00s status=ready ok
soak t=490s pos=498.41s latency=5.12s edge=0.12s attach=4.99s mode=low-latency recommended=5.00s status=ready ok
soak t=495s pos=503.41s latency=5.12s edge=0.01s attach=5.11s mode=low-latency recommended=5.00s status=ready ok
soak t=500s pos=508.41s latency=5.12s edge=0.08s attach=5.04s mode=low-latency recommended=5.00s status=ready ok
soak t=505s pos=513.41s latency=5.12s edge=0.16s attach=4.96s mode=low-latency recommended=5.00s status=ready ok
soak t=510s pos=518.41s latency=5.12s edge=0.05s attach=5.06s mode=low-latency recommended=5.00s status=ready ok
soak t=515s pos=523.41s latency=5.12s edge=0.11s attach=5.00s mode=low-latency recommended=5.00s status=ready ok
soak t=520s pos=528.41s latency=5.12s edge=0.17s attach=4.94s mode=low-latency recommended=5.00s status=ready ok
soak t=525s pos=533.41s latency=5.12s edge=0.07s attach=5.04s mode=low-latency recommended=5.00s status=ready ok
soak t=530s pos=538.41s latency=5.12s edge=0.13s attach=4.98s mode=low-latency recommended=5.00s status=ready ok
soak t=535s pos=543.41s latency=5.12s edge=0.03s attach=5.09s mode=low-latency recommended=5.00s status=ready ok
soak t=540s pos=548.41s latency=5.12s edge=0.08s attach=5.03s mode=low-latency recommended=5.00s status=ready ok
soak t=545s pos=553.41s latency=5.12s edge=0.14s attach=4.98s mode=low-latency recommended=5.00s status=ready ok
soak t=550s pos=558.41s latency=5.12s edge=0.03s attach=5.08s mode=low-latency recommended=5.00s status=ready ok
soak t=555s pos=563.41s latency=5.12s edge=0.10s attach=5.02s mode=low-latency recommended=5.00s status=ready ok
soak t=560s pos=568.41s latency=5.12s edge=0.16s attach=4.96s mode=low-latency recommended=5.00s status=ready ok
soak t=565s pos=573.41s latency=5.12s edge=0.06s attach=5.06s mode=low-latency recommended=5.00s status=ready ok
soak t=570s pos=578.41s latency=5.12s edge=0.12s attach=5.00s mode=low-latency recommended=5.00s status=ready ok
soak t=575s pos=583.41s latency=5.12s edge=0.18s attach=4.94s mode=low-latency recommended=5.00s status=ready ok
soak t=580s pos=588.41s latency=5.12s edge=0.06s attach=5.05s mode=low-latency recommended=5.00s status=ready ok
soak t=585s pos=593.41s latency=5.12s edge=0.13s attach=4.99s mode=low-latency recommended=5.00s status=ready ok
soak t=590s pos=598.41s latency=5.12s edge=0.01s attach=5.10s mode=low-latency recommended=5.00s status=ready ok
soak t=595s pos=603.41s latency=5.12s edge=0.08s attach=5.04s mode=low-latency recommended=5.00s status=ready ok
soak t=600s pos=608.41s latency=5.12s edge=0.14s attach=4.98s mode=low-latency recommended=5.00s status=ready ok
SOAK FAIL: median attachment 5.02s is not the declared target 3.00s
soak end url=http://127.0.0.1:60953/live/party/index.m3u8 label=holdback-5.0 verdict=FAIL summary=10min, 120 samples, mode low-latency (120/120 low-latency), median latency 5.12s = edge 0.09s + attach 5.02s, target 3.00s on attach
