soak begin url=http://127.0.0.1:60743/r/lab/stream.m3u8 label=relay target=3.000s minutes=10 print=5.0s position=0.25s build=soak-lab throwaway stack started=2026-09-11T06:22:50.102Z
soak legend latency=edge+attach edge=playlist staleness attach=distance the player chose from the live edge
soak t=005s pos=14.46s latency=3.81s edge=0.28s attach=3.53s mode=low-latency recommended=3.00s status=ready ok
soak t=010s pos=19.46s latency=3.81s edge=0.34s attach=3.47s mode=low-latency recommended=3.00s status=ready ok
soak t=015s pos=24.46s latency=3.81s edge=0.23s attach=3.58s mode=low-latency recommended=3.00s status=ready ok
soak t=020s pos=29.46s latency=3.81s edge=0.30s attach=3.51s mode=low-latency recommended=3.00s status=ready ok
soak t=025s pos=34.46s latency=3.81s edge=0.19s attach=3.62s mode=low-latency recommended=3.00s status=ready ok
soak t=030s pos=39.46s latency=3.81s edge=0.25s attach=3.56s mode=low-latency recommended=3.00s status=ready ok
soak t=035s pos=44.46s latency=3.81s edge=0.31s attach=3.50s mode=low-latency recommended=3.00s status=ready ok
soak t=040s pos=49.46s latency=3.81s edge=0.20s attach=3.61s mode=low-latency recommended=3.00s status=ready ok
soak t=045s pos=54.46s latency=3.81s edge=0.27s attach=3.54s mode=low-latency recommended=3.00s status=ready ok
soak t=050s pos=59.46s latency=3.81s edge=0.34s attach=3.48s mode=low-latency recommended=3.00s status=ready ok
soak t=055s pos=64.46s latency=3.81s edge=0.23s attach=3.58s mode=low-latency recommended=3.00s status=ready ok
soak t=060s pos=69.46s latency=3.81s edge=0.29s attach=3.52s mode=low-latency recommended=3.00s status=ready ok
soak t=065s pos=74.46s latency=3.81s edge=0.18s attach=3.63s mode=low-latency recommended=3.00s status=ready ok
soak t=070s pos=79.46s latency=3.81s edge=0.25s attach=3.57s mode=low-latency recommended=3.00s status=ready ok
soak t=075s pos=84.46s latency=3.81s edge=0.31s attach=3.51s mode=low-latency recommended=3.00s status=ready ok
soak t=080s pos=89.46s latency=3.81s edge=0.19s attach=3.62s mode=low-latency recommended=3.00s status=ready ok
soak t=085s pos=94.46s latency=3.81s edge=0.27s attach=3.55s mode=low-latency recommended=3.00s status=ready ok
soak t=090s pos=99.46s latency=3.81s edge=0.34s attach=3.48s mode=low-latency recommended=3.00s status=ready ok
soak t=095s pos=104.46s latency=3.81s edge=0.23s attach=3.58s mode=low-latency recommended=3.00s status=ready ok
soak t=100s pos=109.46s latency=3.81s edge=0.30s attach=3.51s mode=low-latency recommended=3.00s status=ready ok
soak t=105s pos=114.46s latency=3.81s edge=0.19s attach=3.62s mode=low-latency recommended=3.00s status=ready ok
soak t=110s pos=119.46s latency=3.81s edge=0.25s attach=3.56s mode=low-latency recommended=3.00s status=ready ok
soak t=115s pos=124.46s latency=3.81s edge=0.31s attach=3.50s mode=low-latency recommended=3.00s status=ready ok
soak t=120s pos=129.46s latency=3.81s edge=0.20s attach=3.61s mode=low-latency recommended=3.00s status=ready ok
soak t=125s pos=134.46s latency=3.81s edge=0.27s attach=3.55s mode=low-latency recommended=3.00s status=ready ok
soak t=130s pos=139.46s latency=3.81s edge=0.32s attach=3.49s mode=low-latency recommended=3.00s status=ready ok
soak t=135s pos=144.46s latency=3.81s edge=0.21s attach=3.60s mode=low-latency recommended=3.00s status=ready ok
soak t=140s pos=149.46s latency=3.81s edge=0.27s attach=3.54s mode=low-latency recommended=3.00s status=ready ok
soak t=145s pos=154.46s latency=3.81s edge=0.32s attach=3.49s mode=low-latency recommended=3.00s status=ready ok
soak t=150s pos=159.46s latency=3.81s edge=0.22s attach=3.60s mode=low-latency recommended=3.00s status=ready ok
soak t=155s pos=164.46s latency=3.81s edge=0.28s attach=3.54s mode=low-latency recommended=3.00s status=ready ok
soak t=160s pos=169.46s latency=3.81s edge=0.34s attach=3.47s mode=low-latency recommended=3.00s status=ready ok
soak t=165s pos=174.46s latency=3.81s edge=0.24s attach=3.58s mode=low-latency recommended=3.00s status=ready ok
soak t=170s pos=179.46s latency=3.81s edge=0.30s attach=3.51s mode=low-latency recommended=3.00s status=ready ok
soak t=175s pos=184.46s latency=3.81s edge=0.20s attach=3.62s mode=low-latency recommended=3.00s status=ready ok
soak t=180s pos=189.46s latency=3.81s edge=0.25s attach=3.56s mode=low-latency recommended=3.00s status=ready ok
soak t=185s pos=194.46s latency=3.81s edge=0.31s attach=3.50s mode=low-latency recommended=3.00s status=ready ok
soak t=190s pos=199.46s latency=3.81s edge=0.21s attach=3.61s mode=low-latency recommended=3.00s status=ready ok
soak t=195s pos=204.46s latency=3.81s edge=0.26s attach=3.55s mode=low-latency recommended=3.00s status=ready ok
soak t=200s pos=209.46s latency=3.81s edge=0.33s attach=3.49s mode=low-latency recommended=3.00s status=ready ok
soak t=205s pos=214.46s latency=3.81s edge=0.21s attach=3.60s mode=low-latency recommended=3.00s status=ready ok
soak t=210s pos=219.46s latency=3.81s edge=0.26s attach=3.55s mode=low-latency recommended=3.00s status=ready ok
soak t=215s pos=224.46s latency=3.81s edge=0.32s attach=3.49s mode=low-latency recommended=3.00s status=ready ok
soak t=220s pos=229.46s latency=3.81s edge=0.21s attach=3.60s mode=low-latency recommended=3.00s status=ready ok
soak t=225s pos=234.46s latency=3.81s edge=0.27s attach=3.54s mode=low-latency recommended=3.00s status=ready ok
soak t=230s pos=239.46s latency=3.81s edge=0.33s attach=3.48s mode=low-latency recommended=3.00s status=ready ok
soak t=235s pos=244.46s latency=3.81s edge=0.23s attach=3.59s mode=low-latency recommended=3.00s status=ready ok
soak t=240s pos=249.46s latency=3.81s edge=0.30s attach=3.51s mode=low-latency recommended=3.00s status=ready ok
soak t=245s pos=254.46s latency=3.81s edge=0.19s attach=3.62s mode=low-latency recommended=3.00s status=ready ok
soak t=250s pos=259.46s latency=3.81s edge=0.25s attach=3.56s mode=low-latency recommended=3.00s status=ready ok
soak t=255s pos=264.46s latency=3.81s edge=0.32s attach=3.50s mode=low-latency recommended=3.00s status=ready ok
soak t=260s pos=269.46s latency=3.81s edge=0.20s attach=3.61s mode=low-latency recommended=3.00s status=ready ok
soak t=265s pos=274.46s latency=3.81s edge=0.26s attach=3.56s mode=low-latency recommended=3.00s status=ready ok
soak t=270s pos=279.46s latency=3.81s edge=0.32s attach=3.50s mode=low-latency recommended=3.00s status=ready ok
soak t=275s pos=284.46s latency=3.81s edge=0.21s attach=3.60s mode=low-latency recommended=3.00s status=ready ok
soak t=280s pos=289.46s latency=3.81s edge=0.27s attach=3.55s mode=low-latency recommended=3.00s status=ready ok
soak t=285s pos=294.46s latency=3.81s edge=0.33s attach=3.48s mode=low-latency recommended=3.00s status=ready ok
soak t=290s pos=299.46s latency=3.81s edge=0.22s attach=3.60s mode=low-latency recommended=3.00s status=ready ok
soak t=295s pos=304.47s latency=3.81s edge=0.28s attach=3.53s mode=low-latency recommended=3.00s status=ready ok
soak t=300s pos=309.46s latency=3.81s edge=0.35s attach=3.47s mode=low-latency recommended=3.00s status=ready ok
soak t=305s pos=314.46s latency=3.81s edge=0.24s attach=3.57s mode=low-latency recommended=3.00s status=ready ok
soak t=310s pos=319.46s latency=3.81s edge=0.31s attach=3.50s mode=low-latency recommended=3.00s status=ready ok
soak t=315s pos=324.46s latency=3.81s edge=0.21s attach=3.61s mode=low-latency recommended=3.00s status=ready ok
soak t=320s pos=329.46s latency=3.81s edge=0.26s attach=3.55s mode=low-latency recommended=3.00s status=ready ok
soak t=325s pos=334.46s latency=3.81s edge=0.33s attach=3.48s mode=low-latency recommended=3.00s status=ready ok
soak t=330s pos=339.46s latency=3.81s edge=0.22s attach=3.59s mode=low-latency recommended=3.00s status=ready ok
soak t=335s pos=344.46s latency=3.81s edge=0.28s attach=3.54s mode=low-latency recommended=3.00s status=ready ok
soak t=340s pos=349.46s latency=3.81s edge=0.34s attach=3.47s mode=low-latency recommended=3.00s status=ready ok
soak t=345s pos=354.46s latency=3.81s edge=0.23s attach=3.58s mode=low-latency recommended=3.00s status=ready ok
soak t=350s pos=359.46s latency=3.81s edge=0.31s attach=3.51s mode=low-latency recommended=3.00s status=ready ok
soak t=355s pos=364.46s latency=3.81s edge=0.19s attach=3.62s mode=low-latency recommended=3.00s status=ready ok
soak t=360s pos=369.46s latency=3.81s edge=0.26s attach=3.55s mode=low-latency recommended=3.00s status=ready ok
soak t=365s pos=374.46s latency=3.81s edge=0.32s attach=3.49s mode=low-latency recommended=3.00s status=ready ok
soak t=370s pos=379.46s latency=3.81s edge=0.21s attach=3.60s mode=low-latency recommended=3.00s status=ready ok
soak t=375s pos=384.46s latency=3.81s edge=0.27s attach=3.55s mode=low-latency recommended=3.00s status=ready ok
soak t=380s pos=389.46s latency=3.81s edge=0.32s attach=3.49s mode=low-latency recommended=3.00s status=ready ok
soak t=385s pos=394.46s latency=3.81s edge=0.21s attach=3.61s mode=low-latency recommended=3.00s status=ready ok
soak t=390s pos=399.46s latency=3.81s edge=0.27s attach=3.54s mode=low-latency recommended=3.00s status=ready ok
soak t=395s pos=404.46s latency=3.81s edge=0.34s attach=3.48s mode=low-latency recommended=3.00s status=ready ok
soak t=400s pos=409.46s latency=3.81s edge=0.24s attach=3.58s mode=low-latency recommended=3.00s status=ready ok
soak t=405s pos=414.46s latency=3.81s edge=0.30s attach=3.51s mode=low-latency recommended=3.00s status=ready ok
soak t=410s pos=419.46s latency=3.81s edge=0.19s attach=3.62s mode=low-latency recommended=3.00s status=ready ok
soak t=415s pos=424.46s latency=3.81s edge=0.25s attach=3.56s mode=low-latency recommended=3.00s status=ready ok
soak t=420s pos=429.46s latency=3.81s edge=0.32s attach=3.50s mode=low-latency recommended=3.00s status=ready ok
soak t=425s pos=434.46s latency=3.81s edge=0.21s attach=3.60s mode=low-latency recommended=3.00s status=ready ok
soak t=430s pos=439.47s latency=3.81s edge=0.27s attach=3.54s mode=low-latency recommended=3.00s status=ready ok
soak t=435s pos=444.47s latency=3.81s edge=0.34s attach=3.48s mode=low-latency recommended=3.00s status=ready ok
soak t=440s pos=449.47s latency=3.81s edge=0.22s attach=3.59s mode=low-latency recommended=3.00s status=ready ok
soak t=445s pos=454.47s latency=3.81s edge=0.28s attach=3.53s mode=low-latency recommended=3.00s status=ready ok
soak t=450s pos=459.47s latency=3.81s edge=0.34s attach=3.47s mode=low-latency recommended=3.00s status=ready ok
soak t=455s pos=464.47s latency=3.81s edge=0.24s attach=3.58s mode=low-latency recommended=3.00s status=ready ok
soak t=460s pos=469.47s latency=3.81s edge=0.31s attach=3.51s mode=low-latency recommended=3.00s status=ready ok
soak t=465s pos=474.47s latency=3.81s edge=0.20s attach=3.61s mode=low-latency recommended=3.00s status=ready ok
soak t=470s pos=479.47s latency=3.81s edge=0.28s attach=3.53s mode=low-latency recommended=3.00s status=ready ok
soak t=475s pos=484.49s latency=3.81s edge=0.19s attach=3.62s mode=low-latency recommended=3.00s status=ready ok
soak t=480s pos=489.47s latency=3.81s edge=0.26s attach=3.55s mode=low-latency recommended=3.00s status=ready ok
soak t=485s pos=494.47s latency=3.81s edge=0.32s attach=3.49s mode=low-latency recommended=3.00s status=ready ok
soak t=490s pos=499.47s latency=3.81s edge=0.22s attach=3.59s mode=low-latency recommended=3.00s status=ready ok
soak t=495s pos=504.47s latency=3.81s edge=0.29s attach=3.52s mode=low-latency recommended=3.00s status=ready ok
soak t=500s pos=509.47s latency=3.81s edge=0.19s attach=3.62s mode=low-latency recommended=3.00s status=ready ok
soak t=505s pos=514.47s latency=3.81s edge=0.25s attach=3.57s mode=low-latency recommended=3.00s status=ready ok
soak t=510s pos=519.47s latency=3.81s edge=0.30s attach=3.51s mode=low-latency recommended=3.00s status=ready ok
soak t=515s pos=524.46s latency=3.81s edge=0.20s attach=3.62s mode=low-latency recommended=3.00s status=ready ok
soak t=520s pos=529.46s latency=3.81s edge=0.27s attach=3.54s mode=low-latency recommended=3.00s status=ready ok
soak t=525s pos=534.47s latency=3.81s edge=0.33s attach=3.48s mode=low-latency recommended=3.00s status=ready ok
soak t=530s pos=539.46s latency=3.81s edge=0.23s attach=3.58s mode=low-latency recommended=3.00s status=ready ok
soak t=535s pos=544.46s latency=3.81s edge=0.30s attach=3.52s mode=low-latency recommended=3.00s status=ready ok
soak t=540s pos=549.46s latency=3.81s edge=0.19s attach=3.62s mode=low-latency recommended=3.00s status=ready ok
soak t=545s pos=554.46s latency=3.81s edge=0.25s attach=3.57s mode=low-latency recommended=3.00s status=ready ok
soak t=550s pos=559.46s latency=3.81s edge=0.30s attach=3.51s mode=low-latency recommended=3.00s status=ready ok
soak t=555s pos=564.47s latency=3.81s edge=0.19s attach=3.62s mode=low-latency recommended=3.00s status=ready ok
soak t=560s pos=569.47s latency=3.81s edge=0.25s attach=3.56s mode=low-latency recommended=3.00s status=ready ok
soak t=565s pos=574.46s latency=3.81s edge=0.32s attach=3.49s mode=low-latency recommended=3.00s status=ready ok
soak t=570s pos=579.46s latency=3.81s edge=0.21s attach=3.60s mode=low-latency recommended=3.00s status=ready ok
soak t=575s pos=584.46s latency=3.81s edge=0.28s attach=3.53s mode=low-latency recommended=3.00s status=ready ok
soak t=580s pos=589.46s latency=3.81s edge=0.35s attach=3.46s mode=low-latency recommended=3.00s status=ready ok
soak t=585s pos=594.47s latency=3.81s edge=0.23s attach=3.58s mode=low-latency recommended=3.00s status=ready ok
soak t=590s pos=599.47s latency=3.81s edge=0.29s attach=3.52s mode=low-latency recommended=3.00s status=ready ok
soak t=595s pos=604.47s latency=3.81s edge=0.18s attach=3.63s mode=low-latency recommended=3.00s status=ready ok
soak t=600s pos=609.47s latency=3.81s edge=0.24s attach=3.57s mode=low-latency recommended=3.00s status=ready ok
SOAK PASS: 10min, 120 samples, mode low-latency (120/120 low-latency), median latency 3.81s = edge 0.27s + attach 3.55s, target 3.00s on attach, zero backward movement
soak end url=http://127.0.0.1:60743/r/lab/stream.m3u8 label=relay verdict=PASS
